Archive member included to satisfy reference by file (symbol)

app/libapp.a(main.c.obj)      (--whole-archive)
app/libapp.a(demo_apps.c.obj)
                              (--whole-archive)
app/libapp.a(vmm.c.obj)       (--whole-archive)
app/libapp.a(translator.c.obj)
                              (--whole-archive)
app/libapp.a(frame.c.obj)     (--whole-archive)
app/libapp.a(addrspace.c.obj)
                              (--whole-archive)
app/libapp.a(vpage.c.obj)     (--whole-archive)
app/libapp.a(heap.c.obj)      (--whole-archive)
app/libapp.a(app.c.obj)       (--whole-archive)
app/libapp.a(bump.c.obj)      (--whole-archive)
zephyr/libzephyr.a(validate_libc.c.obj)
                              (--whole-archive)
zephyr/libzephyr.a(heap.c.obj)
                              (--whole-archive)
zephyr/libzephyr.a(cbprintf_packaged.c.obj)
                              (--whole-archive)
zephyr/libzephyr.a(clock.c.obj)
                              (--whole-archive)
zephyr/libzephyr.a(printk.c.obj)
                              (--whole-archive)
zephyr/libzephyr.a(sem.c.obj)
                              (--whole-archive)
zephyr/libzephyr.a(thread_entry.c.obj)
                              (--whole-archive)
zephyr/libzephyr.a(cbprintf_complete.c.obj)
                              (--whole-archive)
zephyr/libzephyr.a(assert.c.obj)
                              (--whole-archive)
zephyr/libzephyr.a(reboot.c.obj)
                              (--whole-archive)
zephyr/libzephyr.a(dec.c.obj)
                              (--whole-archive)
zephyr/libzephyr.a(hex.c.obj)
                              (--whole-archive)
zephyr/libzephyr.a(rb.c.obj)  (--whole-archive)
zephyr/libzephyr.a(set.c.obj)
                              (--whole-archive)
zephyr/libzephyr.a(timeutil.c.obj)
                              (--whole-archive)
zephyr/libzephyr.a(bitarray.c.obj)
                              (--whole-archive)
zephyr/libzephyr.a(bitmask.c.obj)
                              (--whole-archive)
zephyr/libzephyr.a(getopt.c.obj)
                              (--whole-archive)
zephyr/libzephyr.a(getopt_common.c.obj)
                              (--whole-archive)
zephyr/libzephyr.a(ring_buffer.c.obj)
                              (--whole-archive)
zephyr/libzephyr.a(last_section_id.c.obj)
                              (--whole-archive)
zephyr/libzephyr.a(configs.c.obj)
                              (--whole-archive)
zephyr/libzephyr.a(soc.c.obj)
                              (--whole-archive)
zephyr/libzephyr.a(tracing_none.c.obj)
                              (--whole-archive)
zephyr/arch/common/libarch__common.a(sw_isr_common.c.obj)
                              (--whole-archive)
zephyr/arch/common/libarch__common.a(init.c.obj)
                              (--whole-archive)
zephyr/arch/common/libarch__common.a(xip.c.obj)
                              (--whole-archive)
zephyr/arch/arch/arm/core/libarch__arm__core.a(fatal.c.obj)
                              (--whole-archive)
zephyr/arch/arch/arm/core/libarch__arm__core.a(nmi.c.obj)
                              (--whole-archive)
zephyr/arch/arch/arm/core/libarch__arm__core.a(nmi_on_reset.S.obj)
                              (--whole-archive)
zephyr/arch/arch/arm/core/libarch__arm__core.a(tls.c.obj)
                              (--whole-archive)
zephyr/arch/arch/arm/core/cortex_m/libarch__arm__core__cortex_m.a(fault.c.obj)
                              (--whole-archive)
zephyr/arch/arch/arm/core/cortex_m/libarch__arm__core__cortex_m.a(fault_s.S.obj)
                              (--whole-archive)
zephyr/arch/arch/arm/core/cortex_m/libarch__arm__core__cortex_m.a(fpu.c.obj)
                              (--whole-archive)
zephyr/arch/arch/arm/core/cortex_m/libarch__arm__core__cortex_m.a(reset.S.obj)
                              (--whole-archive)
zephyr/arch/arch/arm/core/cortex_m/libarch__arm__core__cortex_m.a(scb.c.obj)
                              (--whole-archive)
zephyr/arch/arch/arm/core/cortex_m/libarch__arm__core__cortex_m.a(vector_table.S.obj)
                              (--whole-archive)
zephyr/arch/arch/arm/core/cortex_m/libarch__arm__core__cortex_m.a(svc.S.obj)
                              (--whole-archive)
zephyr/arch/arch/arm/core/cortex_m/libarch__arm__core__cortex_m.a(irq_manage.c.obj)
                              (--whole-archive)
zephyr/arch/arch/arm/core/cortex_m/libarch__arm__core__cortex_m.a(prep_c.c.obj)
                              (--whole-archive)
zephyr/arch/arch/arm/core/cortex_m/libarch__arm__core__cortex_m.a(thread.c.obj)
                              (--whole-archive)
zephyr/arch/arch/arm/core/cortex_m/libarch__arm__core__cortex_m.a(cpu_idle.c.obj)
                              (--whole-archive)
zephyr/arch/arch/arm/core/cortex_m/libarch__arm__core__cortex_m.a(exc_exit.c.obj)
                              (--whole-archive)
zephyr/arch/arch/arm/core/cortex_m/libarch__arm__core__cortex_m.a(thread_abort.c.obj)
[...]
Memory Configuration

Name             Origin             Length             Attributes
FLASH            0x00000000         0x00400000         xr
RAM              0x20000000         0x00400000         xw
IDT_LIST         0xffff7fff         0x00008000         xw
*default*        0x00000000         0xffffffff

Linker script and memory map

                0x000024f0                        vfprintf = __d_vfprintf
                0x00000000                        vfscanf = __d_vfscanf
LOAD zephyr/CMakeFiles/zephyr_final.dir/misc/empty_file.c.obj
LOAD zephyr/CMakeFiles/zephyr_final.dir/isr_tables.c.obj
LOAD zephyr/CMakeFiles/offsets.dir/./arch/arm/core/offsets/offsets.c.obj
LOAD app/libapp.a
LOAD zephyr/libzephyr.a
LOAD zephyr/arch/common/libarch__common.a
LOAD zephyr/arch/arch/arm/core/libarch__arm__core.a
LOAD zephyr/arch/arch/arm/core/cortex_m/libarch__arm__core__cortex_m.a
LOAD zephyr/lib/libc/picolibc/liblib__libc__picolibc.a
LOAD zephyr/lib/libc/common/liblib__libc__common.a
LOAD zephyr/lib/posix/c_lib_ext/liblib__posix__c_lib_ext.a
LOAD zephyr/drivers/console/libdrivers__console.a
LOAD zephyr/drivers/gpio/libdrivers__gpio.a
LOAD zephyr/drivers/pinctrl/libdrivers__pinctrl.a
LOAD zephyr/drivers/serial/libdrivers__serial.a
LOAD zephyr/drivers/timer/libdrivers__timer.a
LOAD zephyr/kernel/libkernel.a
LOAD zephyr/arch/common/libisr_tables.a
LOAD /Users/davidstan/zephyr-sdk-1.0.0/gnu/arm-zephyr-eabi/bin/../lib/gcc/arm-zephyr-eabi/14.3.0/../../../../arm-zephyr-eabi/lib/thumb/v7e-m+fp/hard/space/libc.a
LOAD /Users/davidstan/zephyr-sdk-1.0.0/gnu/arm-zephyr-eabi/bin/../lib/gcc/arm-zephyr-eabi/14.3.0/thumb/v7e-m+fp/hard/space/libgcc.a
                0x00000004                        _region_min_align = 0x4

.rel.plt        0x00000000        0x0
 *(SORT_BY_ALIGNMENT(.rel.plt))
                [!provide]                        PROVIDE (__rel_iplt_start = .)
 *(SORT_BY_ALIGNMENT(.rel.iplt))
 .rel.iplt      0x00000000        0x0 zephyr/CMakeFiles/zephyr_final.dir/isr_tables.c.obj
                [!provide]                        PROVIDE (__rel_iplt_end = .)

.rela.plt       0x00000000        0x0
 *(SORT_BY_ALIGNMENT(.rela.plt))
                [!provide]                        PROVIDE (__rela_iplt_start = .)
 *(SORT_BY_ALIGNMENT(.rela.iplt))
                [!provide]                        PROVIDE (__rela_iplt_end = .)

.rel.dyn
 *(SORT_BY_ALIGNMENT(.rel.*))

.rela.dyn
 *(SORT_BY_ALIGNMENT(.rela.*))

/DISCARD/
 *(SORT_BY_ALIGNMENT(.plt))

/DISCARD/
 *(SORT_BY_ALIGNMENT(.iplt))
                0x00000000                        __rom_region_start = 0x0

rom_start       0x00000000       0xc0
                0x00000000                        __rom_start_address = .
 FILL mask 0x00
                0x00000000                        . = (. + (0x0 - (. - __rom_start_address)))
                0x00000000                        . = ALIGN (0x4)
                0x00000000                        . = ALIGN (0x80)
                0x00000000                        . = ALIGN (0x100)
                0x00000000                        _vector_start = .
 *(SORT_BY_ALIGNMENT(.exc_vector_table))
 *(SORT_BY_ALIGNMENT(.exc_vector_table.*))
 .exc_vector_table._vector_table_section
                0x00000000       0x40 zephyr/arch/arch/arm/core/cortex_m/libarch__arm__core__cortex_m.a(vector_table.S.obj)
                0x00000000                _vector_table
 *(SORT_BY_ALIGNMENT(.vectors))
                0x000000c0                        _vector_end = .
                0x00000040                        . = ALIGN (0x4)
 *(SORT_BY_ALIGNMENT(.gnu.linkonce.irq_vector_table*))
 .gnu.linkonce.irq_vector_table
                0x00000040       0x80 zephyr/CMakeFiles/zephyr_final.dir/isr_tables.c.obj
                0x00000040                _irq_vector_table
                0x000000c0                        _vector_end = .

text            0x000000c0     0x44d8
                0x000000c0                        __text_region_start = .
 *(SORT_BY_ALIGNMENT(.text))
 .text          0x000000c0       0x30 /Users/davidstan/zephyr-sdk-1.0.0/gnu/arm-zephyr-eabi/bin/../lib/gcc/arm-zephyr-eabi/14.3.0/thumb/v7e-m+fp/hard/space/libgcc.a(_aeabi_uldivmod.o)
                0x000000c0                __aeabi_uldivmod
 .text          0x000000f0        0x4 /Users/davidstan/zephyr-sdk-1.0.0/gnu/arm-zephyr-eabi/bin/../lib/gcc/arm-zephyr-eabi/14.3.0/thumb/v7e-m+fp/hard/space/libgcc.a(_dvmd_tls.o)
                0x000000f0                __aeabi_ldiv0
                0x000000f0                __aeabi_idiv0
 .text          0x000000f4      0x2bc /Users/davidstan/zephyr-sdk-1.0.0/gnu/arm-zephyr-eabi/bin/../lib/gcc/arm-zephyr-eabi/14.3.0/thumb/v7e-m+fp/hard/space/libgcc.a(_udivmoddi4.o)
                0x000000f4                __udivmoddi4
 *(SORT_BY_ALIGNMENT(.text.*))
 .text.watchdog_fn
                0x000003b0       0x18 app/libapp.a(main.c.obj)
 .text.main     0x000003c8      0x16c app/libapp.a(main.c.obj)
                0x000003c8                main
 .text.app_oob_entry
                0x00000534       0x5c app/libapp.a(demo_apps.c.obj)
                0x00000534                app_oob_entry
 .text.app_crossapp_entry
                0x00000590       0x3c app/libapp.a(demo_apps.c.obj)
                0x00000590                app_crossapp_entry
 .text.app_demand_entry
                0x000005cc       0x6c app/libapp.a(demo_apps.c.obj)
                0x000005cc                app_demand_entry
 .text.vmm_init
                0x00000638       0xcc app/libapp.a(vmm.c.obj)
                0x00000638                vmm_init
 .text.vmmu_check
                0x00000704       0x94 app/libapp.a(translator.c.obj)
                0x00000704                vmmu_check
 .text.vmmu_malloc
                0x00000798       0x34 app/libapp.a(translator.c.obj)
                0x00000798                vmmu_malloc
 .text.frame_free_unchecked.isra.0
                0x000007cc       0x34 app/libapp.a(frame.c.obj)
 .text.frame_paddr
                0x00000800       0x24 app/libapp.a(frame.c.obj)
                0x00000800                frame_paddr
 .text.frame_init
                0x00000824       0x84 app/libapp.a(frame.c.obj)
                0x00000824                frame_init
 .text.frame_alloc
                0x000008a8       0x60 app/libapp.a(frame.c.obj)
                0x000008a8                frame_alloc
 .text.frame_free
                0x00000908       0x44 app/libapp.a(frame.c.obj)
                0x00000908                frame_free
 .text.frame_count_owner
                0x0000094c       0x44 app/libapp.a(frame.c.obj)
                0x0000094c                frame_count_owner
 .text.frame_reclaim_owner
                0x00000990       0x48 app/libapp.a(frame.c.obj)
                0x00000990                frame_reclaim_owner
 .text.app_subsystem_init
                0x000009d8       0x30 app/libapp.a(app.c.obj)
                0x000009d8                app_subsystem_init
 .text.app_demand_alloc
                0x00000a08       0x74 app/libapp.a(app.c.obj)
                0x00000a08                app_demand_alloc
 .text.app_start
                0x00000a7c       0x5c app/libapp.a(app.c.obj)
                0x00000a7c                app_start
 .text.app_stop
                0x00000ad8       0x2c app/libapp.a(app.c.obj)
                0x00000ad8                app_stop
 .text.app_abort
                0x00000b04       0x30 app/libapp.a(app.c.obj)
                0x00000b04                app_abort
 .text.app_cleanup
                0x00000b34       0x2c app/libapp.a(app.c.obj)
                0x00000b34                app_cleanup
 .text.app_load
                0x00000b60       0xb0 app/libapp.a(app.c.obj)
                0x00000b60                app_load
 .text.app_load_bounded
                0x00000c10       0x58 app/libapp.a(app.c.obj)
                0x00000c10                app_load_bounded
 .text.app_get  0x00000c68       0x18 app/libapp.a(app.c.obj)
                0x00000c68                app_get
 .text.app_heap_malloc
                0x00000c80       0x2c app/libapp.a(app.c.obj)
                0x00000c80                app_heap_malloc
 .text.bump_init
                0x00000cac       0x14 app/libapp.a(bump.c.obj)
                0x00000cac                bump_init
 .text.bump_alloc
                0x00000cc0       0x40 app/libapp.a(bump.c.obj)
                0x00000cc0                bump_alloc
 .text.bump_get_current
                0x00000d00        0xc app/libapp.a(bump.c.obj)
                0x00000d00                bump_get_current
 .text.char_out
                0x00000d0c        0xc zephyr/libzephyr.a(printk.c.obj)
 .text.__printk_hook_install
                0x00000d18        0xc zephyr/libzephyr.a(printk.c.obj)
                0x00000d18                __printk_hook_install
 .text.vprintk  0x00000d24       0x30 zephyr/libzephyr.a(printk.c.obj)
                0x00000d24                vprintk
 .text.z_thread_entry
                0x00000d54       0x34 zephyr/libzephyr.a(thread_entry.c.obj)
                0x00000d54                z_thread_entry
 .text.arch_bss_zero
                0x00000d88       0x18 zephyr/arch/common/libarch__common.a(init.c.obj)
                0x00000d88                arch_bss_zero
 .text.arch_data_copy
                0x00000da0       0x38 zephyr/arch/common/libarch__common.a(xip.c.obj)
                0x00000da0                arch_data_copy
 .text.z_arm_fatal_error
                0x00000dd8       0xa4 zephyr/arch/arch/arm/core/libarch__arm__core.a(fatal.c.obj)
                0x00000dd8                z_arm_fatal_error
 .text.z_arm_nmi
                0x00000e7c       0x14 zephyr/arch/arch/arm/core/libarch__arm__core.a(nmi.c.obj)
                0x00000e7c                z_arm_nmi
 .text.z_SysNmiOnReset
                0x00000e90        0x8 zephyr/arch/arch/arm/core/libarch__arm__core.a(nmi_on_reset.S.obj)
                0x00000e90                z_SysNmiOnReset
 .text.arch_tls_stack_setup
                0x00000e98       0x40 zephyr/arch/arch/arm/core/libarch__arm__core.a(tls.c.obj)
                0x00000e98                arch_tls_stack_setup
 .text.usage_fault.isra.0
                0x00000ed8       0x98 zephyr/arch/arch/arm/core/cortex_m/libarch__arm__core__cortex_m.a(fault.c.obj)
 .text.bus_fault.isra.0
                0x00000f70       0xb8 zephyr/arch/arch/arm/core/cortex_m/libarch__arm__core__cortex_m.a(fault.c.obj)
 .text.mem_manage_fault.isra.0
                0x00001028       0xbc zephyr/arch/arch/arm/core/cortex_m/libarch__arm__core__cortex_m.a(fault.c.obj)
 .text.z_arm_fault
                0x000010e4      0x19c zephyr/arch/arch/arm/core/cortex_m/libarch__arm__core__cortex_m.a(fault.c.obj)
                0x000010e4                z_arm_fault
 .text.z_arm_fault_init
                0x00001280       0x18 zephyr/arch/arch/arm/core/cortex_m/libarch__arm__core__cortex_m.a(fault.c.obj)
                0x00001280                z_arm_fault_init
 .text.__fault  0x00001298       0x14 zephyr/arch/arch/arm/core/cortex_m/libarch__arm__core__cortex_m.a(fault_s.S.obj)
                0x00001298                z_arm_bus_fault
                0x00001298                z_arm_usage_fault
                0x00001298                z_arm_mpu_fault
                0x00001298                z_arm_exc_spurious
                0x00001298                z_arm_debug_monitor
                0x00001298                z_arm_hard_fault
 .text._reset_section
                0x000012ac       0x34 zephyr/arch/arch/arm/core/cortex_m/libarch__arm__core__cortex_m.a(reset.S.obj)
                0x000012ac                z_arm_reset
                0x000012ac                __start
 .text.z_arm_svc
                0x000012e0       0x24 zephyr/arch/arch/arm/core/cortex_m/libarch__arm__core__cortex_m.a(svc.S.obj)
                0x000012e0                z_arm_svc
 .text.arm_irq_enable
                0x00001304       0x1c zephyr/arch/arch/arm/core/cortex_m/libarch__arm__core__cortex_m.a(irq_manage.c.obj)
                0x00001304                arm_irq_enable
 .text.arm_irq_priority_set
                0x00001320       0x30 zephyr/arch/arch/arm/core/cortex_m/libarch__arm__core__cortex_m.a(irq_manage.c.obj)
                0x00001320                arm_irq_priority_set
 .text.relocate_vector_table
                0x00001350       0x1c zephyr/arch/arch/arm/core/cortex_m/libarch__arm__core__cortex_m.a(prep_c.c.obj)
                0x00001350                relocate_vector_table
 .text.z_prep_c
                0x0000136c       0x4c zephyr/arch/arch/arm/core/cortex_m/libarch__arm__core__cortex_m.a(prep_c.c.obj)
                0x0000136c                z_prep_c
 .text.arch_new_thread
                0x000013b8       0x40 zephyr/arch/arch/arm/core/cortex_m/libarch__arm__core__cortex_m.a(thread.c.obj)
                0x000013b8                arch_new_thread
 .text.arch_float_disable
                0x000013f8       0x48 zephyr/arch/arch/arm/core/cortex_m/libarch__arm__core__cortex_m.a(thread.c.obj)
                0x000013f8                arch_float_disable
 .text.arch_switch_to_main_thread
                0x00001440       0x54 zephyr/arch/arch/arm/core/cortex_m/libarch__arm__core__cortex_m.a(thread.c.obj)
                0x00001440                arch_switch_to_main_thread
 .text.z_arm_cpu_idle_init
                0x00001494        0xc zephyr/arch/arch/arm/core/cortex_m/libarch__arm__core__cortex_m.a(cpu_idle.c.obj)
                0x00001494                z_arm_cpu_idle_init
 .text._HandlerModeExit
                0x000014a0       0x20 zephyr/arch/arch/arm/core/cortex_m/libarch__arm__core__cortex_m.a(exc_exit.c.obj)
                0x000014a0                z_arm_exc_exit
                0x000014a0                z_arm_int_exit
 .text.z_impl_k_thread_abort
                0x000014c0       0x2c zephyr/arch/arch/arm/core/cortex_m/libarch__arm__core__cortex_m.a(thread_abort.c.obj)
                0x000014c0                z_impl_k_thread_abort
 .text.z_arm_pendsv
                0x000014ec       0x90 zephyr/arch/arch/arm/core/cortex_m/libarch__arm__core__cortex_m.a(swap_helper.S.obj)
                0x000014ec                z_arm_pendsv
 .text.z_arm_interrupt_init
                0x0000157c       0x18 zephyr/arch/arch/arm/core/cortex_m/libarch__arm__core__cortex_m.a(irq_init.c.obj)
                0x0000157c                z_arm_interrupt_init
 .text._isr_wrapper
                0x00001594       0x24 zephyr/arch/arch/arm/core/cortex_m/libarch__arm__core__cortex_m.a(isr_wrapper.c.obj)
                0x00001594                _isr_wrapper
 .text.__aeabi_read_tp
                0x000015b8        0xc zephyr/arch/arch/arm/core/cortex_m/libarch__arm__core__cortex_m.a(__aeabi_read_tp.S.obj)
                0x000015b8                __aeabi_read_tp
 .text.z_impl_zephyr_fputc
                0x000015c4       0x10 zephyr/lib/libc/picolibc/liblib__libc__picolibc.a(stdio.c.obj)
                0x000015c4                z_impl_zephyr_fputc
 .text.__stdout_hook_install
                0x000015d4       0x18 zephyr/lib/libc/picolibc/liblib__libc__picolibc.a(stdio.c.obj)
                0x000015d4                __stdout_hook_install
 .text.malloc_prepare
                0x000015ec       0x20 zephyr/lib/libc/common/liblib__libc__common.a(malloc.c.obj)
 .text.uart_console_init
                0x0000160c       0x28 zephyr/drivers/console/libdrivers__console.a(uart_console.c.obj)
 .text.console_out
                0x00001634       0x28 zephyr/drivers/console/libdrivers__console.a(uart_console.c.obj)
 .text.pinctrl_configure_pins
                0x0000165c       0x44 zephyr/drivers/pinctrl/libdrivers__pinctrl.a(pinctrl_arm_mps2.c.obj)
                0x0000165c                pinctrl_configure_pins
 .text.elapsed  0x000016a0       0x44 zephyr/drivers/timer/libdrivers__timer.a(cortex_m_systick.c.obj)
 .text.sys_clock_driver_init
                0x000016e4       0x34 zephyr/drivers/timer/libdrivers__timer.a(cortex_m_systick.c.obj)
 .text.sys_clock_isr
                0x00001718       0x50 zephyr/drivers/timer/libdrivers__timer.a(cortex_m_systick.c.obj)
                0x00001718                sys_clock_isr
 .text.sys_clock_set_timeout
                0x00001768       0xe0 zephyr/drivers/timer/libdrivers__timer.a(cortex_m_systick.c.obj)
                0x00001768                sys_clock_set_timeout
 .text.sys_clock_elapsed
                0x00001848       0x3c zephyr/drivers/timer/libdrivers__timer.a(cortex_m_systick.c.obj)
                0x00001848                sys_clock_elapsed
 .text.z_fatal_error
                0x00001884       0x30 zephyr/kernel/libkernel.a(fatal.c.obj)
                0x00001884                z_fatal_error
 .text.z_sys_init_run_level
                0x000018b4       0x30 zephyr/kernel/libkernel.a(init.c.obj)
 .text.bg_thread_main
                0x000018e4       0xc0 zephyr/kernel/libkernel.a(init.c.obj)
 .text.z_init_cpu
                0x000019a4       0x68 zephyr/kernel/libkernel.a(init.c.obj)
                0x000019a4                z_init_cpu
 .text.z_cstart
                0x00001a0c       0xbc zephyr/kernel/libkernel.a(init.c.obj)
                0x00001a0c                z_cstart
 .text.z_impl_k_thread_custom_data_set
                0x00001ac8        0xc zephyr/kernel/libkernel.a(thread.c.obj)
                0x00001ac8                z_impl_k_thread_custom_data_set
 .text.z_impl_k_thread_custom_data_get
                0x00001ad4        0xc zephyr/kernel/libkernel.a(thread.c.obj)
                0x00001ad4                z_impl_k_thread_custom_data_get
 .text.z_setup_new_thread
                0x00001ae0       0x70 zephyr/kernel/libkernel.a(thread.c.obj)
                0x00001ae0                z_setup_new_thread
 .text.z_impl_k_thread_create
                0x00001b50       0x58 zephyr/kernel/libkernel.a(thread.c.obj)
                0x00001b50                z_impl_k_thread_create
 .text.z_dummy_thread_init
                0x00001ba8       0x14 zephyr/kernel/libkernel.a(thread.c.obj)
                0x00001ba8                z_dummy_thread_init
 .text.z_swap_irqlock
                0x00001bbc       0x30 zephyr/kernel/libkernel.a(sched.c.obj)
 .text.ready_thread
                0x00001bec       0x80 zephyr/kernel/libkernel.a(sched.c.obj)
 .text.unready_thread
                0x00001c6c       0x54 zephyr/kernel/libkernel.a(sched.c.obj)
 .text.reschedule.isra.0
                0x00001cc0       0x28 zephyr/kernel/libkernel.a(sched.c.obj)
 .text.move_current_to_end_of_prio_q
                0x00001ce8       0x6c zephyr/kernel/libkernel.a(sched.c.obj)
                0x00001ce8                move_current_to_end_of_prio_q
 .text.k_sched_lock
                0x00001d54       0x28 zephyr/kernel/libkernel.a(sched.c.obj)
                0x00001d54                k_sched_lock
 .text.k_sched_unlock
                0x00001d7c       0x54 zephyr/kernel/libkernel.a(sched.c.obj)
                0x00001d7c                k_sched_unlock
 .text.z_sched_init
                0x00001dd0       0x10 zephyr/kernel/libkernel.a(sched.c.obj)
                0x00001dd0                z_sched_init
 .text.z_impl_k_yield
                0x00001de0       0x84 zephyr/kernel/libkernel.a(sched.c.obj)
                0x00001de0                z_impl_k_yield
 .text.z_tick_sleep
                0x00001e64       0x78 zephyr/kernel/libkernel.a(sched.c.obj)
 .text.z_impl_k_sched_current_thread_query
                0x00001edc        0xc zephyr/kernel/libkernel.a(sched.c.obj)
                0x00001edc                z_impl_k_sched_current_thread_query
 .text.z_thread_abort
                0x00001ee8      0x13c zephyr/kernel/libkernel.a(sched.c.obj)
                0x00001ee8                z_thread_abort
 .text.z_time_slice_size
                0x00002024       0x40 zephyr/kernel/libkernel.a(timeslicing.c.obj)
 .text.slice_timeout
                0x00002064       0x20 zephyr/kernel/libkernel.a(timeslicing.c.obj)
 .text.z_reset_time_slice
                0x00002084       0x44 zephyr/kernel/libkernel.a(timeslicing.c.obj)
                0x00002084                z_reset_time_slice
 .text.z_time_slice
                0x000020c8       0x5c zephyr/kernel/libkernel.a(timeslicing.c.obj)
                0x000020c8                z_time_slice
 .text.first    0x00002124       0x10 zephyr/kernel/libkernel.a(timeout.c.obj)
 .text.elapsed  0x00002134       0x14 zephyr/kernel/libkernel.a(timeout.c.obj)
 .text.remove_timeout
                0x00002148       0x38 zephyr/kernel/libkernel.a(timeout.c.obj)
 .text.z_add_timeout
                0x00002180      0x120 zephyr/kernel/libkernel.a(timeout.c.obj)
                0x00002180                z_add_timeout
 .text.sys_clock_announce
                0x000022a0       0xb4 zephyr/kernel/libkernel.a(timeout.c.obj)
                0x000022a0                sys_clock_announce
 .text.sys_clock_tick_get
                0x00002354       0x30 zephyr/kernel/libkernel.a(timeout.c.obj)
                0x00002354                sys_clock_tick_get
 .text.boot_banner
                0x00002384        0xc zephyr/kernel/libkernel.a(banner.c.obj)
                0x00002384                boot_banner
 .text.puts     0x00002390       0x40 /Users/davidstan/zephyr-sdk-1.0.0/gnu/arm-zephyr-eabi/bin/../lib/gcc/arm-zephyr-eabi/14.3.0/../../../../arm-zephyr-eabi/lib/thumb/v7e-m+fp/hard/space/libc.a(libc_tinystdio_puts.c.o)
                0x00002390                puts
 .text.skip_to_arg
                0x000023d0      0x120 /Users/davidstan/zephyr-sdk-1.0.0/gnu/arm-zephyr-eabi/bin/../lib/gcc/arm-zephyr-eabi/14.3.0/../../../../arm-zephyr-eabi/lib/thumb/v7e-m+fp/hard/space/libc.a(libc_tinystdio_vfprintf.c.o)
 .text.vfprintf
                0x000024f0      0x95c /Users/davidstan/zephyr-sdk-1.0.0/gnu/arm-zephyr-eabi/bin/../lib/gcc/arm-zephyr-eabi/14.3.0/../../../../arm-zephyr-eabi/lib/thumb/v7e-m+fp/hard/space/libc.a(libc_tinystdio_vfprintf.c.o)
                0x000024f0                __d_vfprintf
 .text.div10    0x00002e4c       0x28 /Users/davidstan/zephyr-sdk-1.0.0/gnu/arm-zephyr-eabi/bin/../lib/gcc/arm-zephyr-eabi/14.3.0/../../../../arm-zephyr-eabi/lib/thumb/v7e-m+fp/hard/space/libc.a(libc_tinystdio_dtoa_ryu.c.o)
 .text.__dtoa_engine
                0x00002e74      0x474 /Users/davidstan/zephyr-sdk-1.0.0/gnu/arm-zephyr-eabi/bin/../lib/gcc/arm-zephyr-eabi/14.3.0/../../../../arm-zephyr-eabi/lib/thumb/v7e-m+fp/hard/space/libc.a(libc_tinystdio_dtoa_ryu.c.o)
                0x00002e74                __dtoa_engine
 .text.__log10Pow2
                0x000032e8        0xc /Users/davidstan/zephyr-sdk-1.0.0/gnu/arm-zephyr-eabi/bin/../lib/gcc/arm-zephyr-eabi/14.3.0/../../../../arm-zephyr-eabi/lib/thumb/v7e-m+fp/hard/space/libc.a(libc_tinystdio_ryu_log10.c.o)
                0x000032e8                __log10Pow2
 .text.__log10Pow5
                0x000032f4        0xc /Users/davidstan/zephyr-sdk-1.0.0/gnu/arm-zephyr-eabi/bin/../lib/gcc/arm-zephyr-eabi/14.3.0/../../../../arm-zephyr-eabi/lib/thumb/v7e-m+fp/hard/space/libc.a(libc_tinystdio_ryu_log10.c.o)
                0x000032f4                __log10Pow5
 .text.__pow5bits
                0x00003300       0x10 /Users/davidstan/zephyr-sdk-1.0.0/gnu/arm-zephyr-eabi/bin/../lib/gcc/arm-zephyr-eabi/14.3.0/../../../../arm-zephyr-eabi/lib/thumb/v7e-m+fp/hard/space/libc.a(libc_tinystdio_ryu_pow5bits.c.o)
                0x00003300                __pow5bits
 .text.__pow5Factor
                0x00003310       0x30 /Users/davidstan/zephyr-sdk-1.0.0/gnu/arm-zephyr-eabi/bin/../lib/gcc/arm-zephyr-eabi/14.3.0/../../../../arm-zephyr-eabi/lib/thumb/v7e-m+fp/hard/space/libc.a(libc_tinystdio_ryu_table.c.o)
                0x00003310                __pow5Factor
 .text.__double_computePow5
                0x00003340       0xe8 /Users/davidstan/zephyr-sdk-1.0.0/gnu/arm-zephyr-eabi/bin/../lib/gcc/arm-zephyr-eabi/14.3.0/../../../../arm-zephyr-eabi/lib/thumb/v7e-m+fp/hard/space/libc.a(libc_tinystdio_ryu_table.c.o)
                0x00003340                __double_computePow5
 .text.__double_computeInvPow5
                0x00003428       0xf8 /Users/davidstan/zephyr-sdk-1.0.0/gnu/arm-zephyr-eabi/bin/../lib/gcc/arm-zephyr-eabi/14.3.0/../../../../arm-zephyr-eabi/lib/thumb/v7e-m+fp/hard/space/libc.a(libc_tinystdio_ryu_table.c.o)
                0x00003428                __double_computeInvPow5
 .text._OffsetAbsSyms
                0x00003520        0x2 zephyr/CMakeFiles/offsets.dir/./arch/arm/core/offsets/offsets.c.obj
                0x00003520                _OffsetAbsSyms
 .text.k_msleep.isra.0
                0x00003522       0x16 app/libapp.a(main.c.obj)
 .text.wait_for_app.constprop.0
                0x00003538       0x18 app/libapp.a(main.c.obj)
 .text.addrspace_init
                0x00003550       0x1e app/libapp.a(addrspace.c.obj)
                0x00003550                addrspace_init
 .text.addrspace_map
                0x0000356e       0x42 app/libapp.a(addrspace.c.obj)
                0x0000356e                addrspace_map
 .text.addrspace_translate
                0x000035b0       0x9c app/libapp.a(addrspace.c.obj)
                0x000035b0                addrspace_translate
 .text.heap_init
                0x0000364c       0x5a app/libapp.a(heap.c.obj)
                0x0000364c                heap_init
 .text.heap_malloc
                0x000036a6      0x17c app/libapp.a(heap.c.obj)
                0x000036a6                heap_malloc
 .text.map_pages
                0x00003822       0x46 app/libapp.a(app.c.obj)
 .text.app_entry_wrapper
                0x00003868       0x22 app/libapp.a(app.c.obj)
 .text.app_current
                0x0000388a        0x4 app/libapp.a(app.c.obj)
                0x0000388a                app_current
 .text.chunk_field
                0x0000388e       0x16 zephyr/libzephyr.a(heap.c.obj)
 .text.chunk_set
                0x000038a4       0x16 zephyr/libzephyr.a(heap.c.obj)
 .text.chunk_size
                0x000038ba        0xc zephyr/libzephyr.a(heap.c.obj)
 .text.set_chunk_used
                0x000038c6       0x30 zephyr/libzephyr.a(heap.c.obj)
 .text.set_chunk_size
                0x000038f6        0x8 zephyr/libzephyr.a(heap.c.obj)
 .text.undersized_chunk
                0x000038fe       0x1c zephyr/libzephyr.a(heap.c.obj)
 .text.bucket_idx
                0x0000391a       0x14 zephyr/libzephyr.a(heap.c.obj)
 .text.free_list_add
                0x0000392e       0x82 zephyr/libzephyr.a(heap.c.obj)
 .text.sys_heap_init
                0x000039b0       0xa4 zephyr/libzephyr.a(heap.c.obj)
                0x000039b0                sys_heap_init
 .text.arch_printk_char_out
                0x00003a54        0x4 zephyr/libzephyr.a(printk.c.obj)
                0x00003a54                arch_printk_char_out
 .text.printk   0x00003a58       0x1a zephyr/libzephyr.a(printk.c.obj)
                0x00003a58                printk
 .text._ConfigAbsSyms
                0x00003a72        0x2 zephyr/libzephyr.a(configs.c.obj)
                0x00003a72                _ConfigAbsSyms
 .text.arch_early_memset
                0x00003a74        0x4 zephyr/arch/common/libarch__common.a(init.c.obj)
                0x00003a74                arch_early_memset
 .text.arch_early_memcpy
                0x00003a78        0x4 zephyr/arch/common/libarch__common.a(init.c.obj)
                0x00003a78                arch_early_memcpy
 .text.z_do_kernel_oops
                0x00003a7c        0x8 zephyr/arch/arch/arm/core/libarch__arm__core.a(fatal.c.obj)
                0x00003a7c                z_do_kernel_oops
 .text.z_irq_spurious
                0x00003a84        0x8 zephyr/arch/arch/arm/core/cortex_m/libarch__arm__core__cortex_m.a(irq_manage.c.obj)
                0x00003a84                z_irq_spurious
 .text.arch_coprocessors_disable
                0x00003a8c        0x4 zephyr/arch/arch/arm/core/cortex_m/libarch__arm__core__cortex_m.a(thread.c.obj)
                0x00003a8c                arch_coprocessors_disable
 .text.arch_irq_unlock_outlined
                0x00003a90        0xe zephyr/arch/arch/arm/core/cortex_m/libarch__arm__core__cortex_m.a(thread.c.obj)
                0x00003a90                arch_irq_unlock_outlined
 .text.arch_cpu_idle
                0x00003a9e       0x1a zephyr/arch/arch/arm/core/cortex_m/libarch__arm__core__cortex_m.a(cpu_idle.c.obj)
                0x00003a9e                arch_cpu_idle
 .text.picolibc_put
                0x00003ab8        0xa zephyr/lib/libc/picolibc/liblib__libc__picolibc.a(stdio.c.obj)
 .text.gpio_cmsdk_ahb_port_get_raw
                0x00003ac2        0xc zephyr/drivers/gpio/libdrivers__gpio.a(gpio_cmsdk_ahb.c.obj)
 .text.gpio_cmsdk_ahb_port_set_masked_raw
                0x00003ace       0x12 zephyr/drivers/gpio/libdrivers__gpio.a(gpio_cmsdk_ahb.c.obj)
 .text.gpio_cmsdk_ahb_port_set_bits_raw
                0x00003ae0        0xe zephyr/drivers/gpio/libdrivers__gpio.a(gpio_cmsdk_ahb.c.obj)
 .text.gpio_cmsdk_ahb_port_clear_bits_raw
                0x00003aee       0x10 zephyr/drivers/gpio/libdrivers__gpio.a(gpio_cmsdk_ahb.c.obj)
 .text.gpio_cmsdk_ahb_port_toggle_bits
                0x00003afe        0xe zephyr/drivers/gpio/libdrivers__gpio.a(gpio_cmsdk_ahb.c.obj)
 .text.gpio_cmsdk_ahb_pin_interrupt_configure
                0x00003b0c       0x4a zephyr/drivers/gpio/libdrivers__gpio.a(gpio_cmsdk_ahb.c.obj)
 .text.gpio_cmsdk_ahb_manage_callback
                0x00003b56       0x54 zephyr/drivers/gpio/libdrivers__gpio.a(gpio_cmsdk_ahb.c.obj)
 .text.gpio_cmsdk_ahb_init
                0x00003baa        0xc zephyr/drivers/gpio/libdrivers__gpio.a(gpio_cmsdk_ahb.c.obj)
 .text.gpio_cmsdk_port_0_config_func
                0x00003bb6       0x16 zephyr/drivers/gpio/libdrivers__gpio.a(gpio_cmsdk_ahb.c.obj)
 .text.gpio_cmsdk_port_1_config_func
                0x00003bcc       0x16 zephyr/drivers/gpio/libdrivers__gpio.a(gpio_cmsdk_ahb.c.obj)
 .text.gpio_cmsdk_port_2_config_func
                0x00003be2       0x16 zephyr/drivers/gpio/libdrivers__gpio.a(gpio_cmsdk_ahb.c.obj)
 .text.gpio_cmsdk_port_3_config_func
                0x00003bf8       0x16 zephyr/drivers/gpio/libdrivers__gpio.a(gpio_cmsdk_ahb.c.obj)
 .text.gpio_cmsdk_ahb_isr
                0x00003c0e       0x32 zephyr/drivers/gpio/libdrivers__gpio.a(gpio_cmsdk_ahb.c.obj)
 .text.cmsdk_ahb_gpio_config
                0x00003c40       0x40 zephyr/drivers/gpio/libdrivers__gpio.a(gpio_cmsdk_ahb.c.obj)
                0x00003c40                cmsdk_ahb_gpio_config
 .text.gpio_cmsdk_ahb_config
                0x00003c80        0xa zephyr/drivers/gpio/libdrivers__gpio.a(gpio_cmsdk_ahb.c.obj)
 .text.gpio_mmio32_config
                0x00003c8a       0x70 zephyr/drivers/gpio/libdrivers__gpio.a(gpio_mmio32.c.obj)
 .text.gpio_mmio32_port_get_raw
                0x00003cfa       0x12 zephyr/drivers/gpio/libdrivers__gpio.a(gpio_mmio32.c.obj)
 .text.gpio_mmio32_port_set_masked_raw
                0x00003d0c       0x30 zephyr/drivers/gpio/libdrivers__gpio.a(gpio_mmio32.c.obj)
 .text.gpio_mmio32_port_set_bits_raw
                0x00003d3c       0x2a zephyr/drivers/gpio/libdrivers__gpio.a(gpio_mmio32.c.obj)
 .text.gpio_mmio32_port_clear_bits_raw
                0x00003d66       0x2c zephyr/drivers/gpio/libdrivers__gpio.a(gpio_mmio32.c.obj)
 .text.gpio_mmio32_port_toggle_bits
                0x00003d92       0x2a zephyr/drivers/gpio/libdrivers__gpio.a(gpio_mmio32.c.obj)
 .text.gpio_mmio32_pin_interrupt_configure
                0x00003dbc        0x6 zephyr/drivers/gpio/libdrivers__gpio.a(gpio_mmio32.c.obj)
                0x00003dbc                gpio_mmio32_pin_interrupt_configure
 .text.gpio_mmio32_init
                0x00003dc2        0xa zephyr/drivers/gpio/libdrivers__gpio.a(gpio_mmio32.c.obj)
                0x00003dc2                gpio_mmio32_init
 .text.pinctrl_lookup_state
                0x00003dcc       0x26 zephyr/drivers/pinctrl/libdrivers__pinctrl.a(common.c.obj)
                0x00003dcc                pinctrl_lookup_state
 .text.uart_cmsdk_apb_poll_in
                0x00003df2       0x16 zephyr/drivers/serial/libdrivers__serial.a(uart_cmsdk_apb.c.obj)
 .text.uart_cmsdk_apb_poll_out
                0x00003e08        0xe zephyr/drivers/serial/libdrivers__serial.a(uart_cmsdk_apb.c.obj)
 .text.uart_cmsdk_apb_fifo_fill
                0x00003e16       0x20 zephyr/drivers/serial/libdrivers__serial.a(uart_cmsdk_apb.c.obj)
 .text.uart_cmsdk_apb_fifo_read
                0x00003e36       0x20 zephyr/drivers/serial/libdrivers__serial.a(uart_cmsdk_apb.c.obj)
 .text.uart_cmsdk_apb_irq_tx_disable
                0x00003e56       0x2a zephyr/drivers/serial/libdrivers__serial.a(uart_cmsdk_apb.c.obj)
 .text.uart_cmsdk_apb_irq_tx_ready
                0x00003e80       0x14 zephyr/drivers/serial/libdrivers__serial.a(uart_cmsdk_apb.c.obj)
 .text.uart_cmsdk_apb_irq_rx_disable
                0x00003e94       0x2a zephyr/drivers/serial/libdrivers__serial.a(uart_cmsdk_apb.c.obj)
 .text.uart_cmsdk_apb_irq_tx_complete
                0x00003ebe        0x4 zephyr/drivers/serial/libdrivers__serial.a(uart_cmsdk_apb.c.obj)
 .text.uart_cmsdk_apb_irq_rx_ready
                0x00003ec2       0x14 zephyr/drivers/serial/libdrivers__serial.a(uart_cmsdk_apb.c.obj)
 .text.uart_cmsdk_apb_irq_err_enable
                0x00003ed6        0x2 zephyr/drivers/serial/libdrivers__serial.a(uart_cmsdk_apb.c.obj)
 .text.uart_cmsdk_apb_irq_is_pending
                0x00003ed8       0x16 zephyr/drivers/serial/libdrivers__serial.a(uart_cmsdk_apb.c.obj)
 .text.uart_cmsdk_apb_irq_update
                0x00003eee        0x4 zephyr/drivers/serial/libdrivers__serial.a(uart_cmsdk_apb.c.obj)
 .text.uart_cmsdk_apb_irq_callback_set
                0x00003ef2        0x8 zephyr/drivers/serial/libdrivers__serial.a(uart_cmsdk_apb.c.obj)
 .text.uart_cmsdk_apb_isr
                0x00003efa        0xc zephyr/drivers/serial/libdrivers__serial.a(uart_cmsdk_apb.c.obj)
 .text.uart_cmsdk_apb_irq_rx_enable
                0x00003f06       0x32 zephyr/drivers/serial/libdrivers__serial.a(uart_cmsdk_apb.c.obj)
 .text.uart_cmsdk_apb_irq_tx_enable
                0x00003f38       0x32 zephyr/drivers/serial/libdrivers__serial.a(uart_cmsdk_apb.c.obj)
 .text.uart_cmsdk_apb_irq_config_func_0
                0x00003f6a       0x26 zephyr/drivers/serial/libdrivers__serial.a(uart_cmsdk_apb.c.obj)
 .text.uart_cmsdk_apb_irq_config_func_1
                0x00003f90       0x26 zephyr/drivers/serial/libdrivers__serial.a(uart_cmsdk_apb.c.obj)
 .text.uart_cmsdk_apb_irq_config_func_2
                0x00003fb6       0x26 zephyr/drivers/serial/libdrivers__serial.a(uart_cmsdk_apb.c.obj)
 .text.uart_cmsdk_apb_init
                0x00003fdc       0x4a zephyr/drivers/serial/libdrivers__serial.a(uart_cmsdk_apb.c.obj)
 .text.uart_cmsdk_apb_irq_err_disable
                0x00004026        0x2 zephyr/drivers/serial/libdrivers__serial.a(uart_cmsdk_apb.c.obj)
 .text.do_device_init
                0x00004028       0x30 zephyr/kernel/libkernel.a(device.c.obj)
                0x00004028                do_device_init
 .text.z_impl_device_is_ready
                0x00004058       0x16 zephyr/kernel/libkernel.a(device.c.obj)
                0x00004058                z_impl_device_is_ready
 .text.arch_system_halt
                0x0000406e       0x10 zephyr/kernel/libkernel.a(fatal.c.obj)
                0x0000406e                arch_system_halt
 .text.k_sys_fatal_error_handler
                0x0000407e        0x6 zephyr/kernel/libkernel.a(fatal.c.obj)
                0x0000407e                k_sys_fatal_error_handler
 .text.idle     0x00004084       0x16 zephyr/kernel/libkernel.a(idle.c.obj)
                0x00004084                idle
 .text.sys_dlist_remove
                0x0000409a       0x10 zephyr/kernel/libkernel.a(sched.c.obj)
 .text.unpend_thread_no_timeout
                0x000040aa       0x14 zephyr/kernel/libkernel.a(sched.c.obj)
 .text.z_ready_thread
                0x000040be       0x1e zephyr/kernel/libkernel.a(sched.c.obj)
                0x000040be                z_ready_thread
 .text.z_sched_wake_thread_locked
                0x000040dc       0x28 zephyr/kernel/libkernel.a(sched.c.obj)
                0x000040dc                z_sched_wake_thread_locked
 .text.z_thread_timeout
                0x00004104       0x20 zephyr/kernel/libkernel.a(sched.c.obj)
                0x00004104                z_thread_timeout
 .text.z_impl_k_sleep
                0x00004124       0x32 zephyr/kernel/libkernel.a(sched.c.obj)
                0x00004124                z_impl_k_sleep
 .text.z_impl_k_wakeup
                0x00004156       0x40 zephyr/kernel/libkernel.a(sched.c.obj)
                0x00004156                z_impl_k_wakeup
 .text.next_timeout
                0x00004196       0x2e zephyr/kernel/libkernel.a(timeout.c.obj)
 .text.z_abort_timeout
                0x000041c4       0x50 zephyr/kernel/libkernel.a(timeout.c.obj)
                0x000041c4                z_abort_timeout
 .text.sys_clock_tick_get_32
                0x00004214        0x8 zephyr/kernel/libkernel.a(timeout.c.obj)
                0x00004214                sys_clock_tick_get_32
 .text.memcpy   0x0000421c       0x1c /Users/davidstan/zephyr-sdk-1.0.0/gnu/arm-zephyr-eabi/bin/../lib/gcc/arm-zephyr-eabi/14.3.0/../../../../arm-zephyr-eabi/lib/thumb/v7e-m+fp/hard/space/libc.a(memcpy.c.o)
                0x0000421c                memcpy
                0x0000421c                __aeabi_memcpy
                0x0000421c                __aeabi_memcpy4
                0x0000421c                __aeabi_memcpy8
 .text.memset   0x00004238       0x10 /Users/davidstan/zephyr-sdk-1.0.0/gnu/arm-zephyr-eabi/bin/../lib/gcc/arm-zephyr-eabi/14.3.0/../../../../arm-zephyr-eabi/lib/thumb/v7e-m+fp/hard/space/libc.a(memset.c.o)
                0x00004238                memset
 .text.strnlen  0x00004248       0x18 /Users/davidstan/zephyr-sdk-1.0.0/gnu/arm-zephyr-eabi/bin/../lib/gcc/arm-zephyr-eabi/14.3.0/../../../../arm-zephyr-eabi/lib/thumb/v7e-m+fp/hard/space/libc.a(libc_string_strnlen.c.o)
                0x00004248                strnlen
 .text.__ultoa_invert
                0x00004260       0x4e /Users/davidstan/zephyr-sdk-1.0.0/gnu/arm-zephyr-eabi/bin/../lib/gcc/arm-zephyr-eabi/14.3.0/../../../../arm-zephyr-eabi/lib/thumb/v7e-m+fp/hard/space/libc.a(libc_tinystdio_vfprintf.c.o)
 .text.mulShiftAll64
                0x000042ae      0x170 /Users/davidstan/zephyr-sdk-1.0.0/gnu/arm-zephyr-eabi/bin/../lib/gcc/arm-zephyr-eabi/14.3.0/../../../../arm-zephyr-eabi/lib/thumb/v7e-m+fp/hard/space/libc.a(libc_tinystdio_dtoa_ryu.c.o)
 .text.__umul128
                0x0000441e       0x2e /Users/davidstan/zephyr-sdk-1.0.0/gnu/arm-zephyr-eabi/bin/../lib/gcc/arm-zephyr-eabi/14.3.0/../../../../arm-zephyr-eabi/lib/thumb/v7e-m+fp/hard/space/libc.a(libc_tinystdio_ryu_umul128.c.o)
                0x0000441e                __umul128
 .text.__shiftright128
                0x0000444c       0x3e /Users/davidstan/zephyr-sdk-1.0.0/gnu/arm-zephyr-eabi/bin/../lib/gcc/arm-zephyr-eabi/14.3.0/../../../../arm-zephyr-eabi/lib/thumb/v7e-m+fp/hard/space/libc.a(libc_tinystdio_ryu_umul128.c.o)
                0x0000444c                __shiftright128
 .text.__dtox_engine
                0x0000448a      0x10c /Users/davidstan/zephyr-sdk-1.0.0/gnu/arm-zephyr-eabi/bin/../lib/gcc/arm-zephyr-eabi/14.3.0/../../../../arm-zephyr-eabi/lib/thumb/v7e-m+fp/hard/space/libc.a(libc_tinystdio_dtox_engine.c.o)
                0x0000448a                __dtox_engine
 *(SORT_BY_ALIGNMENT(.gnu.linkonce.t.*))
 *(SORT_BY_ALIGNMENT(.glue_7t))
 .glue_7t       0x00004596        0x0 linker stubs
 *(SORT_BY_ALIGNMENT(.glue_7))
 .glue_7        0x00004596        0x0 linker stubs
 *(SORT_BY_ALIGNMENT(.vfp11_veneer))
 .vfp11_veneer  0x00004596        0x0 linker stubs
 *(SORT_BY_ALIGNMENT(.v4_bx))
 .v4_bx         0x00004596        0x0 linker stubs
                0x00004598                        . = ALIGN (0x4)
 *fill*         0x00004596        0x2 
                0x00004598                        __text_region_end = .

.ARM.exidx      0x00004598        0x8
                0x00004598                        __exidx_start = .
 *(SORT_BY_ALIGNMENT(.ARM.exidx*) SORT_BY_ALIGNMENT(gnu.linkonce.armexidx.*))
 .ARM.exidx     0x00004598        0x8 /Users/davidstan/zephyr-sdk-1.0.0/gnu/arm-zephyr-eabi/bin/../lib/gcc/arm-zephyr-eabi/14.3.0/thumb/v7e-m+fp/hard/space/libgcc.a(_udivmoddi4.o)
                0x000045a0                        __exidx_end = .
                0x000045a0                        __rodata_region_start = .

initlevel       0x000045a0       0x68
                0x000045a0                        __init_start = .
                0x000045a0                        __init_EARLY_start = .
 *(SORT_BY_NAME(SORT_BY_ALIGNMENT(.z_init_EARLY_P_?_*)))
 *(SORT_BY_NAME(SORT_BY_ALIGNMENT(.z_init_EARLY_P_??_*)))
 *(SORT_BY_NAME(SORT_BY_ALIGNMENT(.z_init_EARLY_P_???_*)))
                0x000045a0                        __init_PRE_KERNEL_1_start = .
 *(SORT_BY_NAME(SORT_BY_ALIGNMENT(.z_init_PRE_KERNEL_1_P_?_*)))
 *(SORT_BY_NAME(SORT_BY_ALIGNMENT(.z_init_PRE_KERNEL_1_P_??_*)))
 .z_init_PRE_KERNEL_1_P_40_SUB_00028_
                0x000045a0        0x8 zephyr/drivers/gpio/libdrivers__gpio.a(gpio_cmsdk_ahb.c.obj)
 .z_init_PRE_KERNEL_1_P_40_SUB_00029_
                0x000045a8        0x8 zephyr/drivers/gpio/libdrivers__gpio.a(gpio_cmsdk_ahb.c.obj)
 .z_init_PRE_KERNEL_1_P_40_SUB_00030_
                0x000045b0        0x8 zephyr/drivers/gpio/libdrivers__gpio.a(gpio_cmsdk_ahb.c.obj)
 .z_init_PRE_KERNEL_1_P_40_SUB_00031_
                0x000045b8        0x8 zephyr/drivers/gpio/libdrivers__gpio.a(gpio_cmsdk_ahb.c.obj)
 .z_init_PRE_KERNEL_1_P_50_SUB_00008_
                0x000045c0        0x8 zephyr/drivers/gpio/libdrivers__gpio.a(gpio_mmio32.c.obj)
 .z_init_PRE_KERNEL_1_P_50_SUB_00012_
                0x000045c8        0x8 zephyr/drivers/gpio/libdrivers__gpio.a(gpio_mmio32.c.obj)
 .z_init_PRE_KERNEL_1_P_50_SUB_00036_
                0x000045d0        0x8 zephyr/drivers/gpio/libdrivers__gpio.a(gpio_mmio32.c.obj)
 .z_init_PRE_KERNEL_1_P_50_SUB_00041_
                0x000045d8        0x8 zephyr/drivers/serial/libdrivers__serial.a(uart_cmsdk_apb.c.obj)
 .z_init_PRE_KERNEL_1_P_50_SUB_00042_
                0x000045e0        0x8 zephyr/drivers/serial/libdrivers__serial.a(uart_cmsdk_apb.c.obj)
 .z_init_PRE_KERNEL_1_P_50_SUB_00043_
                0x000045e8        0x8 zephyr/drivers/serial/libdrivers__serial.a(uart_cmsdk_apb.c.obj)
 .z_init_PRE_KERNEL_1_P_60_SUB_0_
                0x000045f0        0x8 zephyr/drivers/console/libdrivers__console.a(uart_console.c.obj)
 *(SORT_BY_NAME(SORT_BY_ALIGNMENT(.z_init_PRE_KERNEL_1_P_???_*)))
                0x000045f8                        __init_PRE_KERNEL_2_start = .
 *(SORT_BY_NAME(SORT_BY_ALIGNMENT(.z_init_PRE_KERNEL_2_P_?_*)))
 .z_init_PRE_KERNEL_2_P_0_SUB_0_
                0x000045f8        0x8 zephyr/drivers/timer/libdrivers__timer.a(cortex_m_systick.c.obj)
 *(SORT_BY_NAME(SORT_BY_ALIGNMENT(.z_init_PRE_KERNEL_2_P_??_*)))
 *(SORT_BY_NAME(SORT_BY_ALIGNMENT(.z_init_PRE_KERNEL_2_P_???_*)))
                0x00004600                        __init_POST_KERNEL_start = .
 *(SORT_BY_NAME(SORT_BY_ALIGNMENT(.z_init_POST_KERNEL_P_?_*)))
 *(SORT_BY_NAME(SORT_BY_ALIGNMENT(.z_init_POST_KERNEL_P_??_*)))
 .z_init_POST_KERNEL_P_35_SUB_0_
                0x00004600        0x8 zephyr/lib/libc/common/liblib__libc__common.a(malloc.c.obj)
 *(SORT_BY_NAME(SORT_BY_ALIGNMENT(.z_init_POST_KERNEL_P_???_*)))
                0x00004608                        __init_APPLICATION_start = .
 *(SORT_BY_NAME(SORT_BY_ALIGNMENT(.z_init_APPLICATION_P_?_*)))
 *(SORT_BY_NAME(SORT_BY_ALIGNMENT(.z_init_APPLICATION_P_??_*)))
 *(SORT_BY_NAME(SORT_BY_ALIGNMENT(.z_init_APPLICATION_P_???_*)))
                0x00004608                        __init_SMP_start = .
 *(SORT_BY_NAME(SORT_BY_ALIGNMENT(.z_init_SMP_P_?_*)))
 *(SORT_BY_NAME(SORT_BY_ALIGNMENT(.z_init_SMP_P_??_*)))
 *(SORT_BY_NAME(SORT_BY_ALIGNMENT(.z_init_SMP_P_???_*)))
                0x00004608                        __init_end = .

device_area     0x00004608      0x118
                0x00004608                        _device_list_start = .
 *(SORT_BY_NAME(SORT_BY_ALIGNMENT(._device.static.*_?_*)))
 *(SORT_BY_NAME(SORT_BY_ALIGNMENT(._device.static.*_??_*)))
 ._device.static.1_40_
                0x00004608       0x70 zephyr/drivers/gpio/libdrivers__gpio.a(gpio_cmsdk_ahb.c.obj)
                0x00004608                __device_dts_ord_31
                0x00004624                __device_dts_ord_30
                0x00004640                __device_dts_ord_29
                0x0000465c                __device_dts_ord_28
 ._device.static.1_50_
                0x00004678       0x54 zephyr/drivers/gpio/libdrivers__gpio.a(gpio_mmio32.c.obj)
                0x00004678                __device_dts_ord_36
                0x00004694                __device_dts_ord_8
                0x000046b0                __device_dts_ord_12
 ._device.static.1_50_
                0x000046cc       0x54 zephyr/drivers/serial/libdrivers__serial.a(uart_cmsdk_apb.c.obj)
                0x000046cc                __device_dts_ord_43
                0x000046e8                __device_dts_ord_42
                0x00004704                __device_dts_ord_41
 *(SORT_BY_NAME(SORT_BY_ALIGNMENT(._device.static.*_???_*)))
 *(SORT_BY_NAME(SORT_BY_ALIGNMENT(._device.static.*_????_*)))
 *(SORT_BY_NAME(SORT_BY_ALIGNMENT(._device.static.*_?????_*)))
                0x00004720                        _device_list_end = .

sw_isr_table    0x00004720      0x100
                0x00004720                        . = ALIGN (0x4)
 *(SORT_BY_ALIGNMENT(.gnu.linkonce.sw_isr_table*))
 .gnu.linkonce.sw_isr_table
                0x00004720      0x100 zephyr/CMakeFiles/zephyr_final.dir/isr_tables.c.obj
                0x00004720                _sw_isr_table

initlevel_error
 *(SORT_BY_NAME(SORT_BY_ALIGNMENT(.z_init_*)))
                0x00000001                        ASSERT ((SIZEOF (initlevel_error) == 0x0), Undefined initialization levels used.)

app_shmem_regions
                0x00004820        0x0
                0x00004820                        __app_shmem_regions_start = .
 *(SORT_BY_NAME(SORT_BY_ALIGNMENT(.app_regions.*)))
                0x00004820                        __app_shmem_regions_end = .

k_p4wq_initparam_area
                0x00004820        0x0
                0x00004820                        _k_p4wq_initparam_list_start = .
 *(SORT_BY_NAME(SORT_BY_ALIGNMENT(._k_p4wq_initparam.static.*)))
                0x00004820                        _k_p4wq_initparam_list_end = .

_static_thread_data_area
                0x00004820       0x30
                0x00004820                        __static_thread_data_list_start = .
 *(SORT_BY_NAME(SORT_BY_ALIGNMENT(.__static_thread_data.static.*)))
 .__static_thread_data.static._k_thread_data_watchdog_thread_
                0x00004820       0x30 app/libapp.a(main.c.obj)
                0x00004820                _k_thread_data_watchdog_thread
                0x00004850                        __static_thread_data_list_end = .

device_deps     0x00004850        0x0
                0x00004850                        __device_deps_start = .
 *(SORT_BY_NAME(SORT_BY_ALIGNMENT(.__device_deps_pass2*)))
                0x00004850                        __device_deps_end = .

gpio_driver_api_area
                0x00004850       0x48
                0x00004850                        _gpio_driver_api_list_start = .
 *(SORT_BY_NAME(SORT_BY_ALIGNMENT(._gpio_driver_api.static.*)))
 ._gpio_driver_api.static.gpio_cmsdk_ahb_drv_api_funcs_
                0x00004850       0x24 zephyr/drivers/gpio/libdrivers__gpio.a(gpio_cmsdk_ahb.c.obj)
 ._gpio_driver_api.static.gpio_mmio32_api_
                0x00004874       0x24 zephyr/drivers/gpio/libdrivers__gpio.a(gpio_mmio32.c.obj)
                0x00004874                gpio_mmio32_api
                0x00004898                        _gpio_driver_api_list_end = .

shared_irq_driver_api_area
                0x00004898        0x0
                0x00004898                        _shared_irq_driver_api_list_start = .
 *(SORT_BY_NAME(SORT_BY_ALIGNMENT(._shared_irq_driver_api.static.*)))
                0x00004898                        _shared_irq_driver_api_list_end = .

crypto_driver_api_area
                0x00004898        0x0
                0x00004898                        _crypto_driver_api_list_start = .
 *(SORT_BY_NAME(SORT_BY_ALIGNMENT(._crypto_driver_api.static.*)))
                0x00004898                        _crypto_driver_api_list_end = .

adc_driver_api_area
                0x00004898        0x0
                0x00004898                        _adc_driver_api_list_start = .
 *(SORT_BY_NAME(SORT_BY_ALIGNMENT(._adc_driver_api.static.*)))
                0x00004898                        _adc_driver_api_list_end = .

auxdisplay_driver_api_area
                0x00004898        0x0
                0x00004898                        _auxdisplay_driver_api_list_start = .
 *(SORT_BY_NAME(SORT_BY_ALIGNMENT(._auxdisplay_driver_api.static.*)))
                0x00004898                        _auxdisplay_driver_api_list_end = .

bbram_driver_api_area
                0x00004898        0x0
                0x00004898                        _bbram_driver_api_list_start = .
 *(SORT_BY_NAME(SORT_BY_ALIGNMENT(._bbram_driver_api.static.*)))
                0x00004898                        _bbram_driver_api_list_end = .

biometric_driver_api_area
                0x00004898        0x0
                0x00004898                        _biometric_driver_api_list_start = .
 *(SORT_BY_NAME(SORT_BY_ALIGNMENT(._biometric_driver_api.static.*)))
                0x00004898                        _biometric_driver_api_list_end = .

bt_hci_driver_api_area
                0x00004898        0x0
                0x00004898                        _bt_hci_driver_api_list_start = .
 *(SORT_BY_NAME(SORT_BY_ALIGNMENT(._bt_hci_driver_api.static.*)))
                0x00004898                        _bt_hci_driver_api_list_end = .

can_driver_api_area
                0x00004898        0x0
                0x00004898                        _can_driver_api_list_start = .
 *(SORT_BY_NAME(SORT_BY_ALIGNMENT(._can_driver_api.static.*)))
                0x00004898                        _can_driver_api_list_end = .

cellular_driver_api_area
                0x00004898        0x0
                0x00004898                        _cellular_driver_api_list_start = .
 *(SORT_BY_NAME(SORT_BY_ALIGNMENT(._cellular_driver_api.static.*)))
                0x00004898                        _cellular_driver_api_list_end = .

charger_driver_api_area
                0x00004898        0x0
                0x00004898                        _charger_driver_api_list_start = .
 *(SORT_BY_NAME(SORT_BY_ALIGNMENT(._charger_driver_api.static.*)))
                0x00004898                        _charger_driver_api_list_end = .

clock_control_driver_api_area
                0x00004898        0x0
                0x00004898                        _clock_control_driver_api_list_start = .
 *(SORT_BY_NAME(SORT_BY_ALIGNMENT(._clock_control_driver_api.static.*)))
                0x00004898                        _clock_control_driver_api_list_end = .

comparator_driver_api_area
                0x00004898        0x0
                0x00004898                        _comparator_driver_api_list_start = .
 *(SORT_BY_NAME(SORT_BY_ALIGNMENT(._comparator_driver_api.static.*)))
                0x00004898                        _comparator_driver_api_list_end = .

coredump_driver_api_area
                0x00004898        0x0
                0x00004898                        _coredump_driver_api_list_start = .
 *(SORT_BY_NAME(SORT_BY_ALIGNMENT(._coredump_driver_api.static.*)))
                0x00004898                        _coredump_driver_api_list_end = .

counter_driver_api_area
                0x00004898        0x0
                0x00004898                        _counter_driver_api_list_start = .
 *(SORT_BY_NAME(SORT_BY_ALIGNMENT(._counter_driver_api.static.*)))
                0x00004898                        _counter_driver_api_list_end = .

crc_driver_api_area
                0x00004898        0x0
                0x00004898                        _crc_driver_api_list_start = .
 *(SORT_BY_NAME(SORT_BY_ALIGNMENT(._crc_driver_api.static.*)))
                0x00004898                        _crc_driver_api_list_end = .

dac_driver_api_area
                0x00004898        0x0
                0x00004898                        _dac_driver_api_list_start = .
 *(SORT_BY_NAME(SORT_BY_ALIGNMENT(._dac_driver_api.static.*)))
                0x00004898                        _dac_driver_api_list_end = .

dai_driver_api_area
                0x00004898        0x0
                0x00004898                        _dai_driver_api_list_start = .
 *(SORT_BY_NAME(SORT_BY_ALIGNMENT(._dai_driver_api.static.*)))
                0x00004898                        _dai_driver_api_list_end = .

display_driver_api_area
                0x00004898        0x0
                0x00004898                        _display_driver_api_list_start = .
 *(SORT_BY_NAME(SORT_BY_ALIGNMENT(._display_driver_api.static.*)))
                0x00004898                        _display_driver_api_list_end = .

dma_driver_api_area
                0x00004898        0x0
                0x00004898                        _dma_driver_api_list_start = .
 *(SORT_BY_NAME(SORT_BY_ALIGNMENT(._dma_driver_api.static.*)))
                0x00004898                        _dma_driver_api_list_end = .

edac_driver_api_area
                0x00004898        0x0
                0x00004898                        _edac_driver_api_list_start = .
 *(SORT_BY_NAME(SORT_BY_ALIGNMENT(._edac_driver_api.static.*)))
                0x00004898                        _edac_driver_api_list_end = .

eeprom_driver_api_area
                0x00004898        0x0
                0x00004898                        _eeprom_driver_api_list_start = .
 *(SORT_BY_NAME(SORT_BY_ALIGNMENT(._eeprom_driver_api.static.*)))
                0x00004898                        _eeprom_driver_api_list_end = .

emul_bbram_driver_api_area
                0x00004898        0x0
                0x00004898                        _emul_bbram_driver_api_list_start = .
 *(SORT_BY_NAME(SORT_BY_ALIGNMENT(._emul_bbram_driver_api.static.*)))
                0x00004898                        _emul_bbram_driver_api_list_end = .

fuel_gauge_emul_driver_api_area
                0x00004898        0x0
                0x00004898                        _fuel_gauge_emul_driver_api_list_start = .
 *(SORT_BY_NAME(SORT_BY_ALIGNMENT(._fuel_gauge_emul_driver_api.static.*)))
                0x00004898                        _fuel_gauge_emul_driver_api_list_end = .

emul_sensor_driver_api_area
                0x00004898        0x0
                0x00004898                        _emul_sensor_driver_api_list_start = .
 *(SORT_BY_NAME(SORT_BY_ALIGNMENT(._emul_sensor_driver_api.static.*)))
                0x00004898                        _emul_sensor_driver_api_list_end = .

entropy_driver_api_area
                0x00004898        0x0
                0x00004898                        _entropy_driver_api_list_start = .
 *(SORT_BY_NAME(SORT_BY_ALIGNMENT(._entropy_driver_api.static.*)))
                0x00004898                        _entropy_driver_api_list_end = .

espi_driver_api_area
                0x00004898        0x0
                0x00004898                        _espi_driver_api_list_start = .
 *(SORT_BY_NAME(SORT_BY_ALIGNMENT(._espi_driver_api.static.*)))
                0x00004898                        _espi_driver_api_list_end = .

espi_saf_driver_api_area
                0x00004898        0x0
                0x00004898                        _espi_saf_driver_api_list_start = .
 *(SORT_BY_NAME(SORT_BY_ALIGNMENT(._espi_saf_driver_api.static.*)))
                0x00004898                        _espi_saf_driver_api_list_end = .

flash_driver_api_area
                0x00004898        0x0
                0x00004898                        _flash_driver_api_list_start = .
 *(SORT_BY_NAME(SORT_BY_ALIGNMENT(._flash_driver_api.static.*)))
                0x00004898                        _flash_driver_api_list_end = .

fpga_driver_api_area
                0x00004898        0x0
                0x00004898                        _fpga_driver_api_list_start = .
 *(SORT_BY_NAME(SORT_BY_ALIGNMENT(._fpga_driver_api.static.*)))
                0x00004898                        _fpga_driver_api_list_end = .

fuel_gauge_driver_api_area
                0x00004898        0x0
                0x00004898                        _fuel_gauge_driver_api_list_start = .
 *(SORT_BY_NAME(SORT_BY_ALIGNMENT(._fuel_gauge_driver_api.static.*)))
                0x00004898                        _fuel_gauge_driver_api_list_end = .

gnss_driver_api_area
                0x00004898        0x0
                0x00004898                        _gnss_driver_api_list_start = .
 *(SORT_BY_NAME(SORT_BY_ALIGNMENT(._gnss_driver_api.static.*)))
                0x00004898                        _gnss_driver_api_list_end = .

haptics_driver_api_area
                0x00004898        0x0
                0x00004898                        _haptics_driver_api_list_start = .
 *(SORT_BY_NAME(SORT_BY_ALIGNMENT(._haptics_driver_api.static.*)))
                0x00004898                        _haptics_driver_api_list_end = .

hwspinlock_driver_api_area
                0x00004898        0x0
                0x00004898                        _hwspinlock_driver_api_list_start = .
 *(SORT_BY_NAME(SORT_BY_ALIGNMENT(._hwspinlock_driver_api.static.*)))
                0x00004898                        _hwspinlock_driver_api_list_end = .

i2c_driver_api_area
                0x00004898        0x0
                0x00004898                        _i2c_driver_api_list_start = .
 *(SORT_BY_NAME(SORT_BY_ALIGNMENT(._i2c_driver_api.static.*)))
                0x00004898                        _i2c_driver_api_list_end = .

i2c_target_driver_api_area
                0x00004898        0x0
                0x00004898                        _i2c_target_driver_api_list_start = .
 *(SORT_BY_NAME(SORT_BY_ALIGNMENT(._i2c_target_driver_api.static.*)))
                0x00004898                        _i2c_target_driver_api_list_end = .

i2s_driver_api_area
                0x00004898        0x0
                0x00004898                        _i2s_driver_api_list_start = .
 *(SORT_BY_NAME(SORT_BY_ALIGNMENT(._i2s_driver_api.static.*)))
                0x00004898                        _i2s_driver_api_list_end = .

i3c_driver_api_area
                0x00004898        0x0
                0x00004898                        _i3c_driver_api_list_start = .
 *(SORT_BY_NAME(SORT_BY_ALIGNMENT(._i3c_driver_api.static.*)))
                0x00004898                        _i3c_driver_api_list_end = .

ipm_driver_api_area
                0x00004898        0x0
                0x00004898                        _ipm_driver_api_list_start = .
 *(SORT_BY_NAME(SORT_BY_ALIGNMENT(._ipm_driver_api.static.*)))
                0x00004898                        _ipm_driver_api_list_end = .

led_driver_api_area
                0x00004898        0x0
                0x00004898                        _led_driver_api_list_start = .
 *(SORT_BY_NAME(SORT_BY_ALIGNMENT(._led_driver_api.static.*)))
                0x00004898                        _led_driver_api_list_end = .

led_strip_driver_api_area
                0x00004898        0x0
                0x00004898                        _led_strip_driver_api_list_start = .
 *(SORT_BY_NAME(SORT_BY_ALIGNMENT(._led_strip_driver_api.static.*)))
                0x00004898                        _led_strip_driver_api_list_end = .

lora_driver_api_area
                0x00004898        0x0
                0x00004898                        _lora_driver_api_list_start = .
 *(SORT_BY_NAME(SORT_BY_ALIGNMENT(._lora_driver_api.static.*)))
                0x00004898                        _lora_driver_api_list_end = .

mbox_driver_api_area
                0x00004898        0x0
                0x00004898                        _mbox_driver_api_list_start = .
 *(SORT_BY_NAME(SORT_BY_ALIGNMENT(._mbox_driver_api.static.*)))
                0x00004898                        _mbox_driver_api_list_end = .

mdio_driver_api_area
                0x00004898        0x0
                0x00004898                        _mdio_driver_api_list_start = .
 *(SORT_BY_NAME(SORT_BY_ALIGNMENT(._mdio_driver_api.static.*)))
                0x00004898                        _mdio_driver_api_list_end = .

mipi_dbi_driver_api_area
                0x00004898        0x0
                0x00004898                        _mipi_dbi_driver_api_list_start = .
 *(SORT_BY_NAME(SORT_BY_ALIGNMENT(._mipi_dbi_driver_api.static.*)))
                0x00004898                        _mipi_dbi_driver_api_list_end = .

mipi_dsi_driver_api_area
                0x00004898        0x0
                0x00004898                        _mipi_dsi_driver_api_list_start = .
 *(SORT_BY_NAME(SORT_BY_ALIGNMENT(._mipi_dsi_driver_api.static.*)))
                0x00004898                        _mipi_dsi_driver_api_list_end = .

mspi_driver_api_area
                0x00004898        0x0
                0x00004898                        _mspi_driver_api_list_start = .
 *(SORT_BY_NAME(SORT_BY_ALIGNMENT(._mspi_driver_api.static.*)))
                0x00004898                        _mspi_driver_api_list_end = .

opamp_driver_api_area
                0x00004898        0x0
                0x00004898                        _opamp_driver_api_list_start = .
 *(SORT_BY_NAME(SORT_BY_ALIGNMENT(._opamp_driver_api.static.*)))
                0x00004898                        _opamp_driver_api_list_end = .

otp_driver_api_area
                0x00004898        0x0
                0x00004898                        _otp_driver_api_list_start = .
 *(SORT_BY_NAME(SORT_BY_ALIGNMENT(._otp_driver_api.static.*)))
                0x00004898                        _otp_driver_api_list_end = .

peci_driver_api_area
                0x00004898        0x0
                0x00004898                        _peci_driver_api_list_start = .
 *(SORT_BY_NAME(SORT_BY_ALIGNMENT(._peci_driver_api.static.*)))
                0x00004898                        _peci_driver_api_list_end = .

ps2_driver_api_area
                0x00004898        0x0
                0x00004898                        _ps2_driver_api_list_start = .
 *(SORT_BY_NAME(SORT_BY_ALIGNMENT(._ps2_driver_api.static.*)))
                0x00004898                        _ps2_driver_api_list_end = .

ptp_clock_driver_api_area
                0x00004898        0x0
                0x00004898                        _ptp_clock_driver_api_list_start = .
 *(SORT_BY_NAME(SORT_BY_ALIGNMENT(._ptp_clock_driver_api.static.*)))
                0x00004898                        _ptp_clock_driver_api_list_end = .

pwm_driver_api_area
                0x00004898        0x0
                0x00004898                        _pwm_driver_api_list_start = .
 *(SORT_BY_NAME(SORT_BY_ALIGNMENT(._pwm_driver_api.static.*)))
                0x00004898                        _pwm_driver_api_list_end = .

regulator_parent_driver_api_area
                0x00004898        0x0
                0x00004898                        _regulator_parent_driver_api_list_start = .
 *(SORT_BY_NAME(SORT_BY_ALIGNMENT(._regulator_parent_driver_api.static.*)))
                0x00004898                        _regulator_parent_driver_api_list_end = .

regulator_driver_api_area
                0x00004898        0x0
                0x00004898                        _regulator_driver_api_list_start = .
 *(SORT_BY_NAME(SORT_BY_ALIGNMENT(._regulator_driver_api.static.*)))
                0x00004898                        _regulator_driver_api_list_end = .

reset_driver_api_area
                0x00004898        0x0
                0x00004898                        _reset_driver_api_list_start = .
 *(SORT_BY_NAME(SORT_BY_ALIGNMENT(._reset_driver_api.static.*)))
                0x00004898                        _reset_driver_api_list_end = .

retained_mem_driver_api_area
                0x00004898        0x0
                0x00004898                        _retained_mem_driver_api_list_start = .
 *(SORT_BY_NAME(SORT_BY_ALIGNMENT(._retained_mem_driver_api.static.*)))
                0x00004898                        _retained_mem_driver_api_list_end = .

rtc_driver_api_area
                0x00004898        0x0
                0x00004898                        _rtc_driver_api_list_start = .
 *(SORT_BY_NAME(SORT_BY_ALIGNMENT(._rtc_driver_api.static.*)))
                0x00004898                        _rtc_driver_api_list_end = .

sdhc_driver_api_area
                0x00004898        0x0
                0x00004898                        _sdhc_driver_api_list_start = .
 *(SORT_BY_NAME(SORT_BY_ALIGNMENT(._sdhc_driver_api.static.*)))
                0x00004898                        _sdhc_driver_api_list_end = .

sensor_driver_api_area
                0x00004898        0x0
                0x00004898                        _sensor_driver_api_list_start = .
 *(SORT_BY_NAME(SORT_BY_ALIGNMENT(._sensor_driver_api.static.*)))
                0x00004898                        _sensor_driver_api_list_end = .

smbus_driver_api_area
                0x00004898        0x0
                0x00004898                        _smbus_driver_api_list_start = .
 *(SORT_BY_NAME(SORT_BY_ALIGNMENT(._smbus_driver_api.static.*)))
                0x00004898                        _smbus_driver_api_list_end = .

spi_driver_api_area
                0x00004898        0x0
                0x00004898                        _spi_driver_api_list_start = .
 *(SORT_BY_NAME(SORT_BY_ALIGNMENT(._spi_driver_api.static.*)))
                0x00004898                        _spi_driver_api_list_end = .

syscon_driver_api_area
                0x00004898        0x0
                0x00004898                        _syscon_driver_api_list_start = .
 *(SORT_BY_NAME(SORT_BY_ALIGNMENT(._syscon_driver_api.static.*)))
                0x00004898                        _syscon_driver_api_list_end = .

tee_driver_api_area
                0x00004898        0x0
                0x00004898                        _tee_driver_api_list_start = .
 *(SORT_BY_NAME(SORT_BY_ALIGNMENT(._tee_driver_api.static.*)))
                0x00004898                        _tee_driver_api_list_end = .

uaol_driver_api_area
                0x00004898        0x0
                0x00004898                        _uaol_driver_api_list_start = .
 *(SORT_BY_NAME(SORT_BY_ALIGNMENT(._uaol_driver_api.static.*)))
                0x00004898                        _uaol_driver_api_list_end = .

video_driver_api_area
                0x00004898        0x0
                0x00004898                        _video_driver_api_list_start = .
 *(SORT_BY_NAME(SORT_BY_ALIGNMENT(._video_driver_api.static.*)))
                0x00004898                        _video_driver_api_list_end = .

virtio_driver_api_area
                0x00004898        0x0
                0x00004898                        _virtio_driver_api_list_start = .
 *(SORT_BY_NAME(SORT_BY_ALIGNMENT(._virtio_driver_api.static.*)))
                0x00004898                        _virtio_driver_api_list_end = .

w1_driver_api_area
                0x00004898        0x0
                0x00004898                        _w1_driver_api_list_start = .
 *(SORT_BY_NAME(SORT_BY_ALIGNMENT(._w1_driver_api.static.*)))
                0x00004898                        _w1_driver_api_list_end = .

wdt_driver_api_area
                0x00004898        0x0
                0x00004898                        _wdt_driver_api_list_start = .
 *(SORT_BY_NAME(SORT_BY_ALIGNMENT(._wdt_driver_api.static.*)))
                0x00004898                        _wdt_driver_api_list_end = .

wuc_driver_api_area
                0x00004898        0x0
                0x00004898                        _wuc_driver_api_list_start = .
 *(SORT_BY_NAME(SORT_BY_ALIGNMENT(._wuc_driver_api.static.*)))
                0x00004898                        _wuc_driver_api_list_end = .

can_transceiver_driver_api_area
                0x00004898        0x0
                0x00004898                        _can_transceiver_driver_api_list_start = .
 *(SORT_BY_NAME(SORT_BY_ALIGNMENT(._can_transceiver_driver_api.static.*)))
                0x00004898                        _can_transceiver_driver_api_list_end = .

nrf_clock_control_driver_api_area
                0x00004898        0x0
                0x00004898                        _nrf_clock_control_driver_api_list_start = .
 *(SORT_BY_NAME(SORT_BY_ALIGNMENT(._nrf_clock_control_driver_api.static.*)))
                0x00004898                        _nrf_clock_control_driver_api_list_end = .

i3c_target_driver_api_area
                0x00004898        0x0
                0x00004898                        _i3c_target_driver_api_list_start = .
 *(SORT_BY_NAME(SORT_BY_ALIGNMENT(._i3c_target_driver_api.static.*)))
                0x00004898                        _i3c_target_driver_api_list_end = .

its_driver_api_area
                0x00004898        0x0
                0x00004898                        _its_driver_api_list_start = .
 *(SORT_BY_NAME(SORT_BY_ALIGNMENT(._its_driver_api.static.*)))
                0x00004898                        _its_driver_api_list_end = .

vtd_driver_api_area
                0x00004898        0x0
                0x00004898                        _vtd_driver_api_list_start = .
 *(SORT_BY_NAME(SORT_BY_ALIGNMENT(._vtd_driver_api.static.*)))
                0x00004898                        _vtd_driver_api_list_end = .

renesas_elc_driver_api_area
                0x00004898        0x0
                0x00004898                        _renesas_elc_driver_api_list_start = .
 *(SORT_BY_NAME(SORT_BY_ALIGNMENT(._renesas_elc_driver_api.static.*)))
                0x00004898                        _renesas_elc_driver_api_list_end = .

tgpio_driver_api_area
                0x00004898        0x0
                0x00004898                        _tgpio_driver_api_list_start = .
 *(SORT_BY_NAME(SORT_BY_ALIGNMENT(._tgpio_driver_api.static.*)))
                0x00004898                        _tgpio_driver_api_list_end = .

pcie_ctrl_driver_api_area
                0x00004898        0x0
                0x00004898                        _pcie_ctrl_driver_api_list_start = .
 *(SORT_BY_NAME(SORT_BY_ALIGNMENT(._pcie_ctrl_driver_api.static.*)))
                0x00004898                        _pcie_ctrl_driver_api_list_end = .

pcie_ep_driver_api_area
                0x00004898        0x0
                0x00004898                        _pcie_ep_driver_api_list_start = .
 *(SORT_BY_NAME(SORT_BY_ALIGNMENT(._pcie_ep_driver_api.static.*)))
                0x00004898                        _pcie_ep_driver_api_list_end = .

psi5_driver_api_area
                0x00004898        0x0
                0x00004898                        _psi5_driver_api_list_start = .
 *(SORT_BY_NAME(SORT_BY_ALIGNMENT(._psi5_driver_api.static.*)))
                0x00004898                        _psi5_driver_api_list_end = .

sent_driver_api_area
                0x00004898        0x0
                0x00004898                        _sent_driver_api_list_start = .
 *(SORT_BY_NAME(SORT_BY_ALIGNMENT(._sent_driver_api.static.*)))
                0x00004898                        _sent_driver_api_list_end = .

svc_driver_api_area
                0x00004898        0x0
                0x00004898                        _svc_driver_api_list_start = .
 *(SORT_BY_NAME(SORT_BY_ALIGNMENT(._svc_driver_api.static.*)))
                0x00004898                        _svc_driver_api_list_end = .

stepper_driver_api_area
                0x00004898        0x0
                0x00004898                        _stepper_driver_api_list_start = .
 *(SORT_BY_NAME(SORT_BY_ALIGNMENT(._stepper_driver_api.static.*)))
                0x00004898                        _stepper_driver_api_list_end = .

stepper_ctrl_driver_api_area
                0x00004898        0x0
                0x00004898                        _stepper_ctrl_driver_api_list_start = .
 *(SORT_BY_NAME(SORT_BY_ALIGNMENT(._stepper_ctrl_driver_api.static.*)))
                0x00004898                        _stepper_ctrl_driver_api_list_end = .

uart_driver_api_area
                0x00004898       0x4c
                0x00004898                        _uart_driver_api_list_start = .
 *(SORT_BY_NAME(SORT_BY_ALIGNMENT(._uart_driver_api.static.*)))
 ._uart_driver_api.static.uart_cmsdk_apb_driver_api_
                0x00004898       0x4c zephyr/drivers/serial/libdrivers__serial.a(uart_cmsdk_apb.c.obj)
                0x000048e4                        _uart_driver_api_list_end = .

bc12_emul_driver_api_area
                0x000048e4        0x0
                0x000048e4                        _bc12_emul_driver_api_list_start = .
 *(SORT_BY_NAME(SORT_BY_ALIGNMENT(._bc12_emul_driver_api.static.*)))
                0x000048e4                        _bc12_emul_driver_api_list_end = .

bc12_driver_api_area
                0x000048e4        0x0
                0x000048e4                        _bc12_driver_api_list_start = .
 *(SORT_BY_NAME(SORT_BY_ALIGNMENT(._bc12_driver_api.static.*)))
                0x000048e4                        _bc12_driver_api_list_end = .

usbc_ppc_driver_api_area
                0x000048e4        0x0
                0x000048e4                        _usbc_ppc_driver_api_list_start = .
 *(SORT_BY_NAME(SORT_BY_ALIGNMENT(._usbc_ppc_driver_api.static.*)))
                0x000048e4                        _usbc_ppc_driver_api_list_end = .

tcpc_driver_api_area
                0x000048e4        0x0
                0x000048e4                        _tcpc_driver_api_list_start = .
 *(SORT_BY_NAME(SORT_BY_ALIGNMENT(._tcpc_driver_api.static.*)))
                0x000048e4                        _tcpc_driver_api_list_end = .

usbc_vbus_driver_api_area
                0x000048e4        0x0
                0x000048e4                        _usbc_vbus_driver_api_list_start = .
 *(SORT_BY_NAME(SORT_BY_ALIGNMENT(._usbc_vbus_driver_api.static.*)))
                0x000048e4                        _usbc_vbus_driver_api_list_end = .

ivshmem_driver_api_area
                0x000048e4        0x0
                0x000048e4                        _ivshmem_driver_api_list_start = .
 *(SORT_BY_NAME(SORT_BY_ALIGNMENT(._ivshmem_driver_api.static.*)))
                0x000048e4                        _ivshmem_driver_api_list_end = .

ethphy_driver_api_area
                0x000048e4        0x0
                0x000048e4                        _ethphy_driver_api_list_start = .
 *(SORT_BY_NAME(SORT_BY_ALIGNMENT(._ethphy_driver_api.static.*)))
                0x000048e4                        _ethphy_driver_api_list_end = .

ztest           0x000048e4        0x0
                0x000048e4                        _ztest_expected_result_entry_list_start = .
 *(SORT_BY_NAME(SORT_BY_ALIGNMENT(._ztest_expected_result_entry.static.*)))
                0x000048e4                        _ztest_expected_result_entry_list_end = .
                0x000048e4                        _ztest_suite_node_list_start = .
 *(SORT_BY_NAME(SORT_BY_ALIGNMENT(._ztest_suite_node.static.*)))
                0x000048e4                        _ztest_suite_node_list_end = .
                0x000048e4                        _ztest_unit_test_list_start = .
 *(SORT_BY_NAME(SORT_BY_ALIGNMENT(._ztest_unit_test.static.*)))
                0x000048e4                        _ztest_unit_test_list_end = .
                0x000048e4                        _ztest_test_rule_list_start = .
 *(SORT_BY_NAME(SORT_BY_ALIGNMENT(._ztest_test_rule.static.*)))
                0x000048e4                        _ztest_test_rule_list_end = .

init_array      0x000048e4        0x0
                0x000048e4                        __zephyr_init_array_start = .
 *(SORT_BY_INIT_PRIORITY(.init_array.*) SORT_BY_INIT_PRIORITY(.ctors.*))
 *(SORT_BY_ALIGNMENT(.init_array) SORT_BY_ALIGNMENT(.ctors))
                0x000048e4                        __zephyr_init_array_end = .
                0x00000001                        ASSERT ((__zephyr_init_array_start == __zephyr_init_array_end), GNU-style constructors required but STATIC_INIT_GNU not enabled)

bt_l2cap_fixed_chan_area
                0x000048e4        0x0
                0x000048e4                        _bt_l2cap_fixed_chan_list_start = .
 *(SORT_BY_NAME(SORT_BY_ALIGNMENT(._bt_l2cap_fixed_chan.static.*)))
                0x000048e4                        _bt_l2cap_fixed_chan_list_end = .

bt_gatt_service_static_area
                0x000048e4        0x0
                0x000048e4                        _bt_gatt_service_static_list_start = .
 *(SORT_BY_NAME(SORT_BY_ALIGNMENT(._bt_gatt_service_static.static.*)))
                0x000048e4                        _bt_gatt_service_static_list_end = .

log_strings_area
                0x000048e4        0x0
                0x000048e4                        _log_strings_list_start = .
 *(SORT_BY_NAME(SORT_BY_ALIGNMENT(._log_strings.static.*)))
                0x000048e4                        _log_strings_list_end = .

log_stmesp_ptr_area
                0x000048e4        0x0
                0x000048e4                        _log_stmesp_ptr_list_start = .
 *(SORT_BY_NAME(SORT_BY_ALIGNMENT(._log_stmesp_ptr.static.*)))
                0x000048e4                        _log_stmesp_ptr_list_end = .

log_stmesp_str_area
                0x000048e4        0x0
                0x000048e4                        _log_stmesp_str_list_start = .
 *(SORT_BY_NAME(SORT_BY_ALIGNMENT(._log_stmesp_str.static.*)))
                0x000048e4                        _log_stmesp_str_list_end = .

log_const_area  0x000048e4        0x0
                0x000048e4                        _log_const_list_start = .
 *(SORT_BY_NAME(SORT_BY_ALIGNMENT(._log_const.static.*)))
                0x000048e4                        _log_const_list_end = .

log_backend_area
                0x000048e4        0x0
                0x000048e4                        _log_backend_list_start = .
 *(SORT_BY_NAME(SORT_BY_ALIGNMENT(._log_backend.static.*)))
                0x000048e4                        _log_backend_list_end = .

log_link_area   0x000048e4        0x0
                0x000048e4                        _log_link_list_start = .
 *(SORT_BY_NAME(SORT_BY_ALIGNMENT(._log_link.static.*)))
                0x000048e4                        _log_link_list_end = .

tracing_backend_area
                0x000048e4        0x0
                0x000048e4                        _tracing_backend_list_start = .
 *(SORT_BY_NAME(SORT_BY_ALIGNMENT(._tracing_backend.static.*)))
                0x000048e4                        _tracing_backend_list_end = .

zephyr_dbg_info
 *(SORT_BY_ALIGNMENT(.dbg_thread_info))

intc_table_area
                0x000048e4        0x0
                0x000048e4                        _intc_table_list_start = .
 *(SORT_BY_NAME(SORT_BY_ALIGNMENT(._intc_table.static.*)))
                0x000048e4                        _intc_table_list_end = .

symbol_to_keep  0x000048e4        0x0
                0x000048e4                        __symbol_to_keep_start = .
 *(SORT_BY_NAME(SORT_BY_ALIGNMENT(.symbol_to_keep*)))
                0x000048e4                        __symbol_to_keep_end = .

shell_area      0x000048e4        0x0
                0x000048e4                        _shell_list_start = .
 *(SORT_BY_NAME(SORT_BY_ALIGNMENT(._shell.static.*)))
                0x000048e4                        _shell_list_end = .

shell_root_cmds_area
                0x000048e4        0x0
                0x000048e4                        _shell_root_cmds_list_start = .
 *(SORT_BY_NAME(SORT_BY_ALIGNMENT(._shell_root_cmds.static.*)))
                0x000048e4                        _shell_root_cmds_list_end = .

shell_subcmds_area
                0x000048e4        0x0
                0x000048e4                        _shell_subcmds_list_start = .
 *(SORT_BY_NAME(SORT_BY_ALIGNMENT(._shell_subcmds.static.*)))
                0x000048e4                        _shell_subcmds_list_end = .

shell_dynamic_subcmds_area
                0x000048e4        0x0
                0x000048e4                        _shell_dynamic_subcmds_list_start = .
 *(SORT_BY_NAME(SORT_BY_ALIGNMENT(._shell_dynamic_subcmds.static.*)))
                0x000048e4                        _shell_dynamic_subcmds_list_end = .

cfb_font_area   0x000048e4        0x0
                0x000048e4                        _cfb_font_list_start = .
 *(SORT_BY_NAME(SORT_BY_ALIGNMENT(._cfb_font.static.*)))
                0x000048e4                        _cfb_font_list_end = .

tdata           0x000048e4        0x0
 *(SORT_BY_ALIGNMENT(.tdata) SORT_BY_ALIGNMENT(.tdata.*) SORT_BY_ALIGNMENT(.gnu.linkonce.td.*))

tbss            0x000048e4        0x4
 *(SORT_BY_ALIGNMENT(.tbss) SORT_BY_ALIGNMENT(.tbss.*) SORT_BY_ALIGNMENT(.gnu.linkonce.tb.*) SORT_BY_ALIGNMENT(.tcommon))
 .tbss.z_tls_current
                0x000048e4        0x4 zephyr/libzephyr.a(thread_entry.c.obj)
                0x000048e4                z_tls_current
                0x000048e4                        PROVIDE (__tdata_start = LOADADDR (tdata))
                0x00000001                        PROVIDE (__tdata_align = ALIGNOF (tdata))
                0x00000000                        PROVIDE (__tdata_size = (((SIZEOF (tdata) + __tdata_align) - 0x1) & ~ ((__tdata_align - 0x1))))
                [!provide]                        PROVIDE (__tdata_end = (__tdata_start + __tdata_size))
                0x00000004                        PROVIDE (__tbss_align = ALIGNOF (tbss))
                [!provide]                        PROVIDE (__tbss_start = ADDR (tbss))
                0x00000004                        PROVIDE (__tbss_size = (((SIZEOF (tbss) + __tbss_align) - 0x1) & ~ ((__tbss_align - 0x1))))
                [!provide]                        PROVIDE (__tbss_end = (__tbss_start + __tbss_size))
                [!provide]                        PROVIDE (__tls_start = __tdata_start)
                [!provide]                        PROVIDE (__tls_end = __tbss_end)
                [!provide]                        PROVIDE (__tls_size = (__tbss_end - __tdata_start))

rodata          0x000048e8     0x125c
 *(SORT_BY_ALIGNMENT(.rodata))
 *(SORT_BY_ALIGNMENT(.rodata.*))
 .rodata.DOUBLE_POW5_TABLE
                0x000048e8       0xd0 /Users/davidstan/zephyr-sdk-1.0.0/gnu/arm-zephyr-eabi/bin/../lib/gcc/arm-zephyr-eabi/14.3.0/../../../../arm-zephyr-eabi/lib/thumb/v7e-m+fp/hard/space/libc.a(libc_tinystdio_ryu_table.c.o)
 .rodata.DOUBLE_POW5_SPLIT2
                0x000049b8       0xd0 /Users/davidstan/zephyr-sdk-1.0.0/gnu/arm-zephyr-eabi/bin/../lib/gcc/arm-zephyr-eabi/14.3.0/../../../../arm-zephyr-eabi/lib/thumb/v7e-m+fp/hard/space/libc.a(libc_tinystdio_ryu_table.c.o)
 .rodata.DOUBLE_POW5_INV_SPLIT2
                0x00004a88       0xf0 /Users/davidstan/zephyr-sdk-1.0.0/gnu/arm-zephyr-eabi/bin/../lib/gcc/arm-zephyr-eabi/14.3.0/../../../../arm-zephyr-eabi/lib/thumb/v7e-m+fp/hard/space/libc.a(libc_tinystdio_ryu_table.c.o)
 .rodata.CSWTCH.5
                0x00004b78       0x18 app/libapp.a(translator.c.obj)
 .rodata.stdout
                0x00004b90        0x4 zephyr/lib/libc/picolibc/liblib__libc__picolibc.a(stdio.c.obj)
                0x00004b90                stdout
                0x00004b90                stderr
 .rodata.gpio_cmsdk_port_3_config
                0x00004b94       0x24 zephyr/drivers/gpio/libdrivers__gpio.a(gpio_cmsdk_ahb.c.obj)
 .rodata.gpio_cmsdk_port_2_config
                0x00004bb8       0x24 zephyr/drivers/gpio/libdrivers__gpio.a(gpio_cmsdk_ahb.c.obj)
 .rodata.gpio_cmsdk_port_1_config
                0x00004bdc       0x24 zephyr/drivers/gpio/libdrivers__gpio.a(gpio_cmsdk_ahb.c.obj)
 .rodata.gpio_cmsdk_port_0_config
                0x00004c00       0x24 zephyr/drivers/gpio/libdrivers__gpio.a(gpio_cmsdk_ahb.c.obj)
 .rodata.gpio_mmio32_2_cfg
                0x00004c24        0xc zephyr/drivers/gpio/libdrivers__gpio.a(gpio_mmio32.c.obj)
 .rodata.gpio_mmio32_1_cfg
                0x00004c30        0xc zephyr/drivers/gpio/libdrivers__gpio.a(gpio_mmio32.c.obj)
 .rodata.gpio_mmio32_0_cfg
                0x00004c3c        0xc zephyr/drivers/gpio/libdrivers__gpio.a(gpio_mmio32.c.obj)
 .rodata.gpio_ports
                0x00004c48       0x10 zephyr/drivers/pinctrl/libdrivers__pinctrl.a(pinctrl_arm_mps2.c.obj)
 .rodata.uart_cmsdk_apb_dev_cfg_2
                0x00004c58       0x10 zephyr/drivers/serial/libdrivers__serial.a(uart_cmsdk_apb.c.obj)
 .rodata.__pinctrl_dev_config__device_dts_ord_43
                0x00004c68        0x8 zephyr/drivers/serial/libdrivers__serial.a(uart_cmsdk_apb.c.obj)
 .rodata.__pinctrl_states__device_dts_ord_43
                0x00004c70        0x0 zephyr/drivers/serial/libdrivers__serial.a(uart_cmsdk_apb.c.obj)
 .rodata.uart_cmsdk_apb_dev_cfg_1
                0x00004c70       0x10 zephyr/drivers/serial/libdrivers__serial.a(uart_cmsdk_apb.c.obj)
 .rodata.__pinctrl_dev_config__device_dts_ord_42
                0x00004c80        0x8 zephyr/drivers/serial/libdrivers__serial.a(uart_cmsdk_apb.c.obj)
 .rodata.__pinctrl_states__device_dts_ord_42
                0x00004c88        0x0 zephyr/drivers/serial/libdrivers__serial.a(uart_cmsdk_apb.c.obj)
 .rodata.uart_cmsdk_apb_dev_cfg_0
                0x00004c88       0x10 zephyr/drivers/serial/libdrivers__serial.a(uart_cmsdk_apb.c.obj)
 .rodata.__pinctrl_dev_config__device_dts_ord_41
                0x00004c98        0x8 zephyr/drivers/serial/libdrivers__serial.a(uart_cmsdk_apb.c.obj)
 .rodata.__pinctrl_states__device_dts_ord_41
                0x00004ca0        0x0 zephyr/drivers/serial/libdrivers__serial.a(uart_cmsdk_apb.c.obj)
 .rodata.levels.0
                0x00004ca0       0x18 zephyr/kernel/libkernel.a(init.c.obj)
 .rodata.POW5_OFFSETS
                0x00004cb8       0x54 /Users/davidstan/zephyr-sdk-1.0.0/gnu/arm-zephyr-eabi/bin/../lib/gcc/arm-zephyr-eabi/14.3.0/../../../../arm-zephyr-eabi/lib/thumb/v7e-m+fp/hard/space/libc.a(libc_tinystdio_ryu_table.c.o)
 .rodata.POW5_INV_OFFSETS
                0x00004d0c       0x58 /Users/davidstan/zephyr-sdk-1.0.0/gnu/arm-zephyr-eabi/bin/../lib/gcc/arm-zephyr-eabi/14.3.0/../../../../arm-zephyr-eabi/lib/thumb/v7e-m+fp/hard/space/libc.a(libc_tinystdio_ryu_table.c.o)
 .rodata.watchdog_fn.str1.1
                0x00004d64      0xddf app/libapp.a(main.c.obj)
                                 0x1d (size before relaxing)
 .rodata.main.str1.1
                0x00005b43      0x39d app/libapp.a(main.c.obj)
 .rodata.str1.1
                0x00005b43       0x10 app/libapp.a(main.c.obj)
 .rodata.app_oob_entry.str1.1
                0x00005b43       0xc4 app/libapp.a(demo_apps.c.obj)
 .rodata.app_crossapp_entry.str1.1
                0x00005b43       0x8e app/libapp.a(demo_apps.c.obj)
 .rodata.app_demand_entry.str1.1
                0x00005b43      0x135 app/libapp.a(demo_apps.c.obj)
 .rodata.vmm_init.str1.1
                0x00005b43       0x8e app/libapp.a(vmm.c.obj)
 .rodata.vmmu_check.str1.1
                0x00005b43       0x43 app/libapp.a(translator.c.obj)
 .rodata.vmmu_malloc.str1.1
                0x00005b43       0x2d app/libapp.a(translator.c.obj)
 .rodata.str1.1
                0x00005b43       0x5a app/libapp.a(translator.c.obj)
 .rodata.frame_init.str1.1
                0x00005b43       0x22 app/libapp.a(frame.c.obj)
 .rodata.app_demand_alloc.str1.1
                0x00005b43       0xac app/libapp.a(app.c.obj)
 .rodata.app_abort.str1.1
                0x00005b43       0x17 app/libapp.a(app.c.obj)
 .rodata.app_load_bounded.str1.1
                0x00005b43       0x34 app/libapp.a(app.c.obj)
 .rodata.z_arm_fatal_error.str1.1
                0x00005b43      0x107 zephyr/arch/arch/arm/core/libarch__arm__core.a(fatal.c.obj)
 .rodata.usage_fault.isra.0.str1.1
                0x00005b43       0xd4 zephyr/arch/arch/arm/core/cortex_m/libarch__arm__core__cortex_m.a(fault.c.obj)
 .rodata.bus_fault.isra.0.str1.1
                0x00005b43       0xd2 zephyr/arch/arch/arm/core/cortex_m/libarch__arm__core__cortex_m.a(fault.c.obj)
 .rodata.mem_manage_fault.isra.0.str1.1
                0x00005b43       0x9b zephyr/arch/arch/arm/core/cortex_m/libarch__arm__core__cortex_m.a(fault.c.obj)
 .rodata.z_arm_fault.str1.1
                0x00005b43      0x119 zephyr/arch/arch/arm/core/cortex_m/libarch__arm__core__cortex_m.a(fault.c.obj)
 .rodata.str1.1
                0x00005b43       0x38 zephyr/drivers/gpio/libdrivers__gpio.a(gpio_cmsdk_ahb.c.obj)
 .rodata.str1.1
                0x00005b43       0x3f zephyr/drivers/gpio/libdrivers__gpio.a(gpio_mmio32.c.obj)
 .rodata.str1.1
                0x00005b43       0x2a zephyr/drivers/serial/libdrivers__serial.a(uart_cmsdk_apb.c.obj)
 .rodata.z_cstart.str1.1
                0x00005b43        0x5 zephyr/kernel/libkernel.a(init.c.obj)
 .rodata.boot_banner.str1.1
                0x00005b43       0x3b zephyr/kernel/libkernel.a(banner.c.obj)
 .rodata.vfprintf.str1.1
                0x00005b43        0xf /Users/davidstan/zephyr-sdk-1.0.0/gnu/arm-zephyr-eabi/bin/../lib/gcc/arm-zephyr-eabi/14.3.0/../../../../arm-zephyr-eabi/lib/thumb/v7e-m+fp/hard/space/libc.a(libc_tinystdio_vfprintf.c.o)
 *(SORT_BY_ALIGNMENT(.gnu.linkonce.r.*))
                0x00005ee0                        . = ALIGN (0x4)
 *fill*         0x00005b43        0x1 
                [!provide]                        PROVIDE (__eh_frame_start = 0x0)
                [!provide]                        PROVIDE (__eh_frame_end = 0x0)
                [!provide]                        PROVIDE (__eh_frame_hdr_start = 0x0)
                [!provide]                        PROVIDE (__eh_frame_hdr_end = 0x0)

/DISCARD/
 *(SORT_BY_ALIGNMENT(.eh_frame))
                0x00005b44                        __rodata_region_end = .
                0x00005b44                        . = ALIGN (_region_min_align)
                0x00005b44                        __rom_region_end = ((__rom_region_start + .) - ADDR (rom_start))
                0x00005b44                        __rom_region_size = (__rom_region_end - __rom_region_start)

/DISCARD/
 *(SORT_BY_ALIGNMENT(.got.plt))
 *(SORT_BY_ALIGNMENT(.igot.plt))
 *(SORT_BY_ALIGNMENT(.got))
 *(SORT_BY_ALIGNMENT(.igot))
                0x20000000                        . = 0x20000000
                0x20000000                        . = ALIGN (_region_min_align)
                0x20000000                        _image_ram_start = .

.ramfunc        0x20000000        0x0 load address 0x00005b44
                0x20000000                        __ramfunc_region_start = .
                0x20000000                        . = ALIGN (_region_min_align)
                0x20000000                        __ramfunc_start = .
 *(SORT_BY_ALIGNMENT(.ramfunc))
 *(SORT_BY_ALIGNMENT(.ramfunc.*))
                0x20000000                        . = ALIGN (_region_min_align)
                0x20000000                        __ramfunc_end = .
                0x00000000                        __ramfunc_size = (__ramfunc_end - __ramfunc_start)
                0x00005b44                        __ramfunc_load_start = LOADADDR (.ramfunc)

datas           0x20000000       0x90 load address 0x00005b44
                0x20000000                        __data_region_start = .
                0x20000000                        __data_start = .
 *(SORT_BY_ALIGNMENT(.data))
 *(SORT_BY_ALIGNMENT(.data.*))
 .data._char_out
                0x20000000        0x4 zephyr/libzephyr.a(printk.c.obj)
 .data.handler  0x20000004        0x4 zephyr/arch/arch/arm/core/libarch__arm__core.a(nmi.c.obj)
 .data.__stdout
                0x20000008       0x10 zephyr/lib/libc/picolibc/liblib__libc__picolibc.a(stdio.c.obj)
 .data.uart_cmsdk_apb_dev_data_2
                0x20000018       0x24 zephyr/drivers/serial/libdrivers__serial.a(uart_cmsdk_apb.c.obj)
 .data.uart_cmsdk_apb_dev_data_1
                0x2000003c       0x24 zephyr/drivers/serial/libdrivers__serial.a(uart_cmsdk_apb.c.obj)
 .data.uart_cmsdk_apb_dev_data_0
                0x20000060       0x24 zephyr/drivers/serial/libdrivers__serial.a(uart_cmsdk_apb.c.obj)
 .data.slice_ticks
                0x20000084        0x4 zephyr/kernel/libkernel.a(timeslicing.c.obj)
 .data.timeout_list
                0x20000088        0x8 zephyr/kernel/libkernel.a(timeout.c.obj)
 *(SORT_BY_ALIGNMENT(.kernel.*))
                0x20000090                        __data_end = .
                0x00000090                        __data_size = (__data_end - __data_start)
                0x00005b44                        __data_load_start = LOADADDR (datas)
                0x00005b44                        __data_region_load_start = LOADADDR (datas)

device_states   0x20000090       0x14 load address 0x00005bd4
                0x20000090                        . = ALIGN (0x4)
                0x20000090                        __device_states_start = .
 *(SORT_BY_ALIGNMENT(.z_devstate))
 .z_devstate    0x20000090        0x8 zephyr/drivers/gpio/libdrivers__gpio.a(gpio_cmsdk_ahb.c.obj)
 .z_devstate    0x20000098        0x6 zephyr/drivers/gpio/libdrivers__gpio.a(gpio_mmio32.c.obj)
 .z_devstate    0x2000009e        0x6 zephyr/drivers/serial/libdrivers__serial.a(uart_cmsdk_apb.c.obj)
 *(SORT_BY_ALIGNMENT(.z_devstate.*))
                0x200000a4                        __device_states_end = .
                0x200000a4                        . = ALIGN (0x4)

log_mpsc_pbuf_area
                0x200000a4        0x0 load address 0x00005be8
                0x200000a4                        _log_mpsc_pbuf_list_start = .
 *(SORT_BY_NAME(SORT_BY_ALIGNMENT(._log_mpsc_pbuf.static.*)))
                0x200000a4                        _log_mpsc_pbuf_list_end = .

log_msg_ptr_area
                0x200000a4        0x0 load address 0x00005be8
                0x200000a4                        _log_msg_ptr_list_start = .
 *(SORT_BY_NAME(SORT_BY_ALIGNMENT(._log_msg_ptr.static.*)))
                0x200000a4                        _log_msg_ptr_list_end = .

log_dynamic_area
                0x200000a4        0x0 load address 0x00005be8
                0x200000a4                        _log_dynamic_list_start = .
 *(SORT_BY_NAME(SORT_BY_ALIGNMENT(._log_dynamic.static.*)))
                0x200000a4                        _log_dynamic_list_end = .

k_timer_area    0x200000a4        0x0 load address 0x00005be8
                0x200000a4                        _k_timer_list_start = .
 *(SORT_BY_NAME(SORT_BY_ALIGNMENT(._k_timer.static.*)))
                0x200000a4                        _k_timer_list_end = .

k_mem_slab_area
                0x200000a4        0x0 load address 0x00005be8
                0x200000a4                        _k_mem_slab_list_start = .